Component: ARM Compiler 5.05 update 1 (build 106) Tool: armlink [4d0efa]

==============================================================================

Section Cross References

    main.o(i.main) refers to delay.o(i.delay_init) for delay_init
    main.o(i.main) refers to key_scan.o(i.KEY_Init) for KEY_Init
    main.o(i.main) refers to misc.o(i.NVIC_PriorityGroupConfig) for NVIC_PriorityGroupConfig
    main.o(i.main) refers to usart.o(i.uart_init) for uart_init
    main.o(i.main) refers to led.o(i.LED_Init) for LED_Init
    main.o(i.main) refers to lcd.o(i.LCD_Init) for LCD_Init
    main.o(i.main) refers to pid.o(i.PID_Init) for PID_Init
    main.o(i.main) refers to lcd.o(i.LCD_ShowString) for LCD_ShowString
    main.o(i.main) refers to delay.o(i.delay_ms) for delay_ms
    main.o(i.main) refers to lcd.o(i.LCD_Fill) for LCD_Fill
    main.o(i.main) refers to ov7670.o(i.OV7670_Init) for OV7670_Init
    main.o(i.main) refers to usart3.o(i.usart3_init) for usart3_init
    main.o(i.main) refers to timer.o(i.TIM3_PWM_Init) for TIM3_PWM_Init
    main.o(i.main) refers to timer.o(i.TIM6_Int_Init) for TIM6_Int_Init
    main.o(i.main) refers to exti.o(i.EXTI8_Init) for EXTI8_Init
    main.o(i.main) refers to ov7670.o(i.OV7670_Window_Set) for OV7670_Window_Set
    main.o(i.main) refers to lcd.o(i.LCD_Clear) for LCD_Clear
    main.o(i.main) refers to key_scan.o(i.KEY_Scan) for KEY_Scan
    main.o(i.main) refers to usmart_config.o(.data) for usmart_dev
    main.o(i.main) refers to lcd.o(.data) for POINT_COLOR
    main.o(i.main) refers to key.o(.data) for mode1_flag
    system_stm32f10x.o(i.SystemCoreClockUpdate) refers to system_stm32f10x.o(.data) for .data
    system_stm32f10x.o(i.SystemInit) refers to system_stm32f10x.o(i.SetSysClockTo72) for SetSysClockTo72
    led.o(i.LED_Init) refers to stm32f10x_rcc.o(i.RCC_APB2PeriphClockCmd) for RCC_APB2PeriphClockCmd
    led.o(i.LED_Init) refers to stm32f10x_gpio.o(i.GPIO_Init) for GPIO_Init
    led.o(i.LED_Init) refers to stm32f10x_gpio.o(i.GPIO_SetBits) for GPIO_SetBits
    key.o(i.EXTI15_10_IRQHandler) refers to key.o(i.Function) for Function
    key.o(i.EXTI15_10_IRQHandler) refers to stm32f10x_exti.o(i.EXTI_ClearFlag) for EXTI_ClearFlag
    key.o(i.EXTI15_10_IRQHandler) refers to key.o(.data) for .data
    key.o(i.Function) refers to key.o(i.Key_scan) for Key_scan
    key.o(i.Function) refers to stm32f10x_tim.o(i.TIM_Cmd) for TIM_Cmd
    key.o(i.Function) refers to key.o(.data) for .data
    key.o(i.Init_Keyboard_Interrupt) refers to key.o(i.KEY4x4_Init) for KEY4x4_Init
    key.o(i.Init_Keyboard_Interrupt) refers to stm32f10x_rcc.o(i.RCC_APB2PeriphClockCmd) for RCC_APB2PeriphClockCmd
    key.o(i.Init_Keyboard_Interrupt) refers to stm32f10x_exti.o(i.EXTI_ClearITPendingBit) for EXTI_ClearITPendingBit
    key.o(i.Init_Keyboard_Interrupt) refers to stm32f10x_gpio.o(i.GPIO_EXTILineConfig) for GPIO_EXTILineConfig
    key.o(i.Init_Keyboard_Interrupt) refers to stm32f10x_exti.o(i.EXTI_Init) for EXTI_Init
    key.o(i.Init_Keyboard_Interrupt) refers to misc.o(i.NVIC_Init) for NVIC_Init
    key.o(i.KEY4x4_Init) refers to stm32f10x_rcc.o(i.RCC_APB2PeriphClockCmd) for RCC_APB2PeriphClockCmd
    key.o(i.KEY4x4_Init) refers to stm32f10x_gpio.o(i.GPIO_Init) for GPIO_Init
    key.o(i.KEY4x4_Init) refers to stm32f10x_gpio.o(i.GPIO_SetBits) for GPIO_SetBits
    key.o(i.Key_scan) refers to stm32f10x_gpio.o(i.GPIO_ReadInputData) for GPIO_ReadInputData
    key.o(i.Key_scan) refers to stm32f10x_gpio.o(i.GPIO_ResetBits) for GPIO_ResetBits
    key.o(i.Key_scan) refers to stm32f10x_gpio.o(i.GPIO_SetBits) for GPIO_SetBits
    key.o(i.Key_scan) refers to stm32f10x_gpio.o(i.GPIO_ReadInputDataBit) for GPIO_ReadInputDataBit
    key.o(i.Key_scan) refers to key.o(i.Delay) for Delay
    key.o(i.Key_scan) refers to key.o(.data) for .data
    lcd.o(i.LCD_Clear) refers to lcd.o(i.LCD_SetCursor) for LCD_SetCursor
    lcd.o(i.LCD_Clear) refers to lcd.o(i.LCD_WriteRAM_Prepare) for LCD_WriteRAM_Prepare
    lcd.o(i.LCD_Clear) refers to lcd.o(.bss) for .bss
    lcd.o(i.LCD_Color_Fill) refers to lcd.o(i.LCD_SetCursor) for LCD_SetCursor
    lcd.o(i.LCD_Color_Fill) refers to lcd.o(i.LCD_WriteRAM_Prepare) for LCD_WriteRAM_Prepare
    lcd.o(i.LCD_DisplayOff) refers to lcd.o(i.LCD_WriteReg) for LCD_WriteReg
    lcd.o(i.LCD_DisplayOff) refers to lcd.o(.bss) for .bss
    lcd.o(i.LCD_DisplayOn) refers to lcd.o(i.LCD_WriteReg) for LCD_WriteReg
    lcd.o(i.LCD_DisplayOn) refers to lcd.o(.bss) for .bss
    lcd.o(i.LCD_Display_Dir) refers to lcd.o(i.LCD_Scan_Dir) for LCD_Scan_Dir
    lcd.o(i.LCD_Display_Dir) refers to lcd.o(.bss) for .bss
    lcd.o(i.LCD_DrawLine) refers to lcd.o(i.LCD_DrawPoint) for LCD_DrawPoint
    lcd.o(i.LCD_DrawPoint) refers to lcd.o(i.LCD_SetCursor) for LCD_SetCursor
    lcd.o(i.LCD_DrawPoint) refers to lcd.o(i.LCD_WriteRAM_Prepare) for LCD_WriteRAM_Prepare
    lcd.o(i.LCD_DrawPoint) refers to lcd.o(.data) for .data
    lcd.o(i.LCD_DrawRectangle) refers to lcd.o(i.LCD_DrawLine) for LCD_DrawLine
[...]
    i.TIM_OC2Init                            0x08005298   Section        0  stm32f10x_tim.o(i.TIM_OC2Init)
    i.TIM_OC2PreloadConfig                   0x08005318   Section        0  stm32f10x_tim.o(i.TIM_OC2PreloadConfig)
    i.TIM_OC4Init                            0x0800532c   Section        0  stm32f10x_tim.o(i.TIM_OC4Init)
    i.TIM_OC4PreloadConfig                   0x08005390   Section        0  stm32f10x_tim.o(i.TIM_OC4PreloadConfig)
    i.TIM_SetAutoreload                      0x080053a4   Section        0  stm32f10x_tim.o(i.TIM_SetAutoreload)
    i.TIM_SetCompare2                        0x080053a8   Section        0  stm32f10x_tim.o(i.TIM_SetCompare2)
    i.TIM_SetCompare4                        0x080053ac   Section        0  stm32f10x_tim.o(i.TIM_SetCompare4)
    i.TIM_SetCounter                         0x080053b2   Section        0  stm32f10x_tim.o(i.TIM_SetCounter)
    i.TIM_TimeBaseInit                       0x080053b8   Section        0  stm32f10x_tim.o(i.TIM_TimeBaseInit)
    i.Timer4_Init                            0x08005454   Section        0  usmart.o(i.Timer4_Init)
    i.USART1_IRQHandler                      0x080054b4   Section        0  usart.o(i.USART1_IRQHandler)
    i.USART3_IRQHandler                      0x08005518   Section        0  usart3.o(i.USART3_IRQHandler)
    i.USART_Cmd                              0x0800556c   Section        0  stm32f10x_usart.o(i.USART_Cmd)
    i.USART_GetITStatus                      0x08005580   Section        0  stm32f10x_usart.o(i.USART_GetITStatus)
    i.USART_ITConfig                         0x080055be   Section        0  stm32f10x_usart.o(i.USART_ITConfig)
    i.USART_Init                             0x080055f0   Section        0  stm32f10x_usart.o(i.USART_Init)
    i.USART_ReceiveData                      0x0800569c   Section        0  stm32f10x_usart.o(i.USART_ReceiveData)
    i.UsageFault_Handler                     0x080056a4   Section        0  stm32f10x_it.o(i.UsageFault_Handler)
    i.X1_distance_pwm                        0x080056a8   Section        0  pid.o(i.X1_distance_pwm)
    i.X1_speed_pwm                           0x0800572c   Section        0  pid.o(i.X1_speed_pwm)
    i.X2_distance_pwm                        0x08005794   Section        0  pid.o(i.X2_distance_pwm)
    i.X2_speed_pwm                           0x08005818   Section        0  pid.o(i.X2_speed_pwm)
    i.X3_distance_pwm                        0x08005880   Section        0  pid.o(i.X3_distance_pwm)
    i.X3_speed_pwm                           0x0800590c   Section        0  pid.o(i.X3_speed_pwm)
    i.X4_distance_pwm                        0x08005974   Section        0  pid.o(i.X4_distance_pwm)
    i.X4_speed_pwm                           0x080059f8   Section        0  pid.o(i.X4_speed_pwm)
    i.Y1_distance_pwm                        0x08005a60   Section        0  pid.o(i.Y1_distance_pwm)
    i.Y1_speed_pwm                           0x08005ae4   Section        0  pid.o(i.Y1_speed_pwm)
    i.Y2_distance_pwm                        0x08005b4c   Section        0  pid.o(i.Y2_distance_pwm)
    i.Y2_speed_pwm                           0x08005bd0   Section        0  pid.o(i.Y2_speed_pwm)
    i.Y3_distance_pwm                        0x08005c38   Section        0  pid.o(i.Y3_distance_pwm)
    i.Y3_speed_pwm                           0x08005cc4   Section        0  pid.o(i.Y3_speed_pwm)
    i.Y4_distance_pwm                        0x08005d2c   Section        0  pid.o(i.Y4_distance_pwm)
    i.Y4_speed_pwm                           0x08005db0   Section        0  pid.o(i.Y4_speed_pwm)
    i._is_digit                              0x08005e18   Section        0  __printf_wp.o(i._is_digit)
    i._sys_exit                              0x08005e26   Section        0  usart.o(i._sys_exit)
    i.camera_refresh                         0x08005e28   Section        0  timer.o(i.camera_refresh)
    i.delay_init                             0x08005f84   Section        0  delay.o(i.delay_init)
    i.delay_ms                               0x08005fc0   Section        0  delay.o(i.delay_ms)
    i.delay_us                               0x08005ff4   Section        0  delay.o(i.delay_us)
    i.fputc                                  0x08006028   Section        0  usart.o(i.fputc)
    i.get_speedx                             0x08006040   Section        0  location.o(i.get_speedx)
    i.get_speedy                             0x08006068   Section        0  location.o(i.get_speedy)
    i.main                                   0x08006094   Section        0  main.o(i.main)
    i.read_addr                              0x080062c0   Section        0  usmart.o(i.read_addr)
    i.uart_init                              0x080062c4   Section        0  usart.o(i.uart_init)
    i.usart3_init                            0x08006364   Section        0  usart3.o(i.usart3_init)
    i.usmart_cmd_rec                         0x08006410   Section        0  usmart.o(i.usmart_cmd_rec)
    i.usmart_exe                             0x080064a4   Section        0  usmart.o(i.usmart_exe)
    i.usmart_get_aparm                       0x08006704   Section        0  usmart_str.o(i.usmart_get_aparm)
    i.usmart_get_cmdname                     0x080067a0   Section        0  usmart_str.o(i.usmart_get_cmdname)
    i.usmart_get_fname                       0x080067d0   Section        0  usmart_str.o(i.usmart_get_fname)
    i.usmart_get_fparam                      0x08006938   Section        0  usmart_str.o(i.usmart_get_fparam)
    i.usmart_get_parmpos                     0x08006a08   Section        0  usmart_str.o(i.usmart_get_parmpos)
    i.usmart_get_runtime                     0x08006a2c   Section        0  usmart.o(i.usmart_get_runtime)
    i.usmart_init                            0x08006a64   Section        0  usmart.o(i.usmart_init)
    i.usmart_pow                             0x08006a8c   Section        0  usmart_str.o(i.usmart_pow)
    i.usmart_reset_runtime                   0x08006a9c   Section        0  usmart.o(i.usmart_reset_runtime)
    i.usmart_scan                            0x08006acc   Section        0  usmart.o(i.usmart_scan)
    i.usmart_search_nextc                    0x08006b70   Section        0  usmart_str.o(i.usmart_search_nextc)
    i.usmart_str2num                         0x08006b80   Section        0  usmart_str.o(i.usmart_str2num)
    i.usmart_strcmp                          0x08006c20   Section        0  usmart_str.o(i.usmart_strcmp)
    i.usmart_strcopy                         0x08006c38   Section        0  usmart_str.o(i.usmart_strcopy)
    i.usmart_strlen                          0x08006c4a   Section        0  usmart_str.o(i.usmart_strlen)
    i.usmart_sys_cmd_exe                     0x08006c5c   Section        0  usmart.o(i.usmart_sys_cmd_exe)
    i.write_addr                             0x080072cc   Section        0  usmart.o(i.write_addr)
    x$fpl$d2f                                0x080072d0   Section       98  d2f.o(x$fpl$d2f)
    x$fpl$dadd                               0x08007334   Section      336  daddsub_clz.o(x$fpl$dadd)
    _dadd1                                   0x08007345   Thumb Code     0  daddsub_clz.o(x$fpl$dadd)
    x$fpl$dcheck1                            0x08007484   Section       16  dcheck1.o(x$fpl$dcheck1)
    x$fpl$ddiv                               0x08007494   Section      688  ddiv.o(x$fpl$ddiv)
    ddiv_entry                               0x0800749b   Thumb Code     0  ddiv.o(x$fpl$ddiv)
    x$fpl$dfixu                              0x08007744   Section       90  dfixu.o(x$fpl$dfixu)
    x$fpl$dflt                               0x0800779e   Section       46  dflt_clz.o(x$fpl$dflt)
    x$fpl$dfltu                              0x080077cc   Section       38  dflt_clz.o(x$fpl$dfltu)
    x$fpl$dmul                               0x080077f4   Section      340  dmul.o(x$fpl$dmul)
    x$fpl$dnaninf                            0x08007948   Section      156  dnaninf.o(x$fpl$dnaninf)
    x$fpl$dretinf                            0x080079e4   Section       12  dretinf.o(x$fpl$dretinf)
    x$fpl$dsub                               0x080079f0   Section      468  daddsub_clz.o(x$fpl$dsub)
    _dsub1                                   0x08007a01   Thumb Code     0  daddsub_clz.o(x$fpl$dsub)
    x$fpl$fadd                               0x08007bc4   Section      196  faddsub_clz.o(x$fpl$fadd)
    _fadd1                                   0x08007bd3   Thumb Code     0  faddsub_clz.o(x$fpl$fadd)
    x$fpl$ffix                               0x08007c88   Section       54  ffix.o(x$fpl$ffix)
    x$fpl$ffixu                              0x08007cc0   Section       62  ffixu.o(x$fpl$ffixu)
    x$fpl$fflt                               0x08007d00   Section       48  fflt_clz.o(x$fpl$fflt)
    x$fpl$ffltu                              0x08007d30   Section       38  fflt_clz.o(x$fpl$ffltu)
    x$fpl$fmul                               0x08007d58   Section      258  fmul.o(x$fpl$fmul)
    x$fpl$fnaninf                            0x08007e5a   Section      140  fnaninf.o(x$fpl$fnaninf)
    x$fpl$fretinf                            0x08007ee6   Section       10  fretinf.o(x$fpl$fretinf)
    x$fpl$fsub                               0x08007ef0   Section      234  faddsub_clz.o(x$fpl$fsub)
    _fsub1                                   0x08007eff   Thumb Code     0  faddsub_clz.o(x$fpl$fsub)
    x$fpl$retnan                             0x08007fda   Section      100  retnan.o(x$fpl$retnan)
    x$fpl$scalbn                             0x0800803e   Section       92  scalbn.o(x$fpl$scalbn)
    x$fpl$trapveneer                         0x0800809a   Section       48  trapv.o(x$fpl$trapveneer)
    .constdata                               0x080080ca   Section     6080  lcd.o(.constdata)
    x$fpl$usenofp                            0x080080ca   Section        0  usenofp.o(x$fpl$usenofp)
    .constdata                               0x0800988a   Section      336  ov7670.o(.constdata)
    .constdata                               0x080099da   Section       40  _printf_hex_int.o(.constdata)
    uc_hextab                                0x080099da   Data          20  _printf_hex_int.o(.constdata)
    lc_hextab                                0x080099ee   Data          20  _printf_hex_int.o(.constdata)
    .constdata                               0x08009a02   Section       17  __printf_flags_ss_wp.o(.constdata)
    maptable                                 0x08009a02   Data          17  __printf_flags_ss_wp.o(.constdata)
    .conststring                             0x08009a14   Section       40  usmart.o(.conststring)
    .conststring                             0x08009a3c   Section      223  usmart_config.o(.conststring)
    .data                                    0x20000000   Section       20  system_stm32f10x.o(.data)
    .data                                    0x20000014   Section       22  key.o(.data)
    .data                                    0x2000002a   Section        1  key.o(.data)
    .data                                    0x2000002c   Section        4  lcd.o(.data)
    .data                                    0x20000030   Section        1  exti.o(.data)
    .data                                    0x20000034   Section        4  timer.o(.data)
    .data                                    0x20000038   Section        4  timer.o(.data)
    .data                                    0x2000003c   Section        4  location.o(.data)
    .data                                    0x20000040   Section        8  usart3.o(.data)
    .data                                    0x20000048   Section      128  pid.o(.data)
    err                                      0x20000048   Data           4  pid.o(.data)
    sek                                      0x2000004c   Data           4  pid.o(.data)
    err                                      0x20000050   Data           4  pid.o(.data)
    sek                                      0x20000054   Data           4  pid.o(.data)
    err                                      0x20000058   Data           4  pid.o(.data)
    sek                                      0x2000005c   Data           4  pid.o(.data)
    err                                      0x20000060   Data           4  pid.o(.data)
    sek                                      0x20000064   Data           4  pid.o(.data)
    err                                      0x20000068   Data           4  pid.o(.data)
    sek                                      0x2000006c   Data           4  pid.o(.data)
    err                                      0x20000070   Data           4  pid.o(.data)
    sek                                      0x20000074   Data           4  pid.o(.data)
    err                                      0x20000078   Data           4  pid.o(.data)
    sek                                      0x2000007c   Data           4  pid.o(.data)
    err                                      0x20000080   Data           4  pid.o(.data)
    sek                                      0x20000084   Data           4  pid.o(.data)
    err                                      0x20000088   Data           4  pid.o(.data)
    sek                                      0x2000008c   Data           4  pid.o(.data)
    err                                      0x20000090   Data           4  pid.o(.data)
    sek                                      0x20000094   Data           4  pid.o(.data)
    err                                      0x20000098   Data           4  pid.o(.data)
    sek                                      0x2000009c   Data           4  pid.o(.data)
    err                                      0x200000a0   Data           4  pid.o(.data)
    sek                                      0x200000a4   Data           4  pid.o(.data)
    err                                      0x200000a8   Data           4  pid.o(.data)
    sek                                      0x200000ac   Data           4  pid.o(.data)
    err                                      0x200000b0   Data           4  pid.o(.data)
    sek                                      0x200000b4   Data           4  pid.o(.data)
    err                                      0x200000b8   Data           4  pid.o(.data)
    sek                                      0x200000bc   Data           4  pid.o(.data)
    err                                      0x200000c0   Data           4  pid.o(.data)
    sek                                      0x200000c4   Data           4  pid.o(.data)
    .data                                    0x200000c8   Section        1  key_scan.o(.data)
    key_up                                   0x200000c8   Data           1  key_scan.o(.data)
    .data                                    0x200000ca   Section        4  delay.o(.data)
    fac_us                                   0x200000ca   Data           1  delay.o(.data)
    fac_ms                                   0x200000cc   Data           2  delay.o(.data)
    .data                                    0x200000ce   Section        2  usart.o(.data)
    .data                                    0x200000d0   Section        4  usart.o(.data)
    .data                                    0x200000d4   Section       20  stm32f10x_rcc.o(.data)
    ADCPrescTable                            0x200000d4   Data           4  stm32f10x_rcc.o(.data)
    APBAHBPrescTable                         0x200000d8   Data          16  stm32f10x_rcc.o(.data)
    .data                                    0x200000e8   Section       28  usmart.o(.data)
    .data                                    0x20000104   Section       56  usmart_config.o(.data)
    .data                                    0x2000013c   Section      244  usmart_config.o(.data)
    .bss                                     0x20000230   Section       14  lcd.o(.bss)
    .bss                                     0x2000023e   Section    51200  timer.o(.bss)
    .bss                                     0x2000ca40   Section       59  usart3.o(.bss)
    .bss                                     0x2000ca7c   Section       84  pid.o(.bss)
    .bss                                     0x2000cad0   Section      200  usart.o(.bss)
    .bss                                     0x2000cb98   Section       96  libspace.o(.bss)
    HEAP                                     0x2000cbf8   Section        0  startup_stm32f10x_hd.o(HEAP)
    STACK                                    0x2000cbf8   Section     1024  startup_stm32f10x_hd.o(STACK)
    Heap_Mem                                 0x2000cbf8   Data           0  startup_stm32f10x_hd.o(HEAP)
    Stack_Mem                                0x2000cbf8   Data        1024  startup_stm32f10x_hd.o(STACK)
    __initial_sp                             0x2000cff8   Data           0  startup_stm32f10x_hd.o(STACK)

    Global Symbols

    Symbol Name                              Value     Ov Type        Size  Object(Section)

    BuildAttributes$$THM_ISAv4$P$D$K$B$S$PE$A:L22UL41UL21$X:L11$S22US41US21$IEEE1$IW$USESV6$~STKCKD$USESV7$~SHL$OSPACE$ROPI$EBA8$UX$STANDARDLIB$REQ8$PRES8$EABIv2 0x00000000   Number         0  anon$$obj.o ABSOLUTE
    __ARM_use_no_argv                        0x00000000   Number         0  main.o ABSOLUTE
    _printf_flags                            0x00000000   Number         0  printf_stubs.o ABSOLUTE
    _printf_return_value                     0x00000000   Number         0  printf_stubs.o ABSOLUTE
    _printf_sizespec                         0x00000000   Number         0  printf_stubs.o ABSOLUTE
    _printf_widthprec                        0x00000000   Number         0  printf_stubs.o ABSOLUTE
    __ARM_exceptions_init                     - Undefined Weak Reference
    __alloca_initialize                       - Undefined Weak Reference
    __arm_preinit_                            - Undefined Weak Reference
    __cpp_initialize__aeabi_                  - Undefined Weak Reference
    __cxa_finalize                            - Undefined Weak Reference
    __rt_locale                               - Undefined Weak Reference
    __sigvec_lookup                           - Undefined Weak Reference
    _atexit_init                              - Undefined Weak Reference
    _call_atexit_fns                          - Undefined Weak Reference
    _clock_init                               - Undefined Weak Reference
    _fp_trap_init                             - Undefined Weak Reference
    _fp_trap_shutdown                         - Undefined Weak Reference
    _get_lc_collate                           - Undefined Weak Reference
    _get_lc_ctype                             - Undefined Weak Reference
    _get_lc_monetary                          - Undefined Weak Reference
    _get_lc_numeric                           - Undefined Weak Reference
    _get_lc_time                              - Undefined Weak Reference
    _getenv_init                              - Undefined Weak Reference
    _handle_redirection                       - Undefined Weak Reference
    _init_alloc                               - Undefined Weak Reference
    _init_user_alloc                          - Undefined Weak Reference
    _initio                                   - Undefined Weak Reference
    _mutex_acquire                            - Undefined Weak Reference
    _mutex_release                            - Undefined Weak Reference
    _printf_mbtowc                            - Undefined Weak Reference
    _printf_truncate_signed                   - Undefined Weak Reference
    _printf_truncate_unsigned                 - Undefined Weak Reference
    _rand_init                                - Undefined Weak Reference
    _signal_finish                            - Undefined Weak Reference
    _signal_init                              - Undefined Weak Reference
    _terminate_alloc                          - Undefined Weak Reference
    _terminate_user_alloc                     - Undefined Weak Reference
    _terminateio                              - Undefined Weak Reference
    __Vectors_Size                           0x00000130   Number         0  startup_stm32f10x_hd.o ABSOLUTE
    __Vectors                                0x08000000   Data           4  startup_stm32f10x_hd.o(RESET)
    __Vectors_End                            0x08000130   Data           0  startup_stm32f10x_hd.o(RESET)
    __main                                   0x08000131   Thumb Code     8  __main.o(!!!main)
    __scatterload                            0x08000139   Thumb Code     0  __scatter.o(!!!scatter)
    __scatterload_rt2                        0x08000139   Thumb Code    44  __scatter.o(!!!scatter)
    __scatterload_rt2_thumb_only             0x08000139   Thumb Code     0  __scatter.o(!!!scatter)
    __scatterload_null                       0x08000147   Thumb Code     0  __scatter.o(!!!scatter)
    __decompress                             0x0800016d   Thumb Code    90  __dczerorl2.o(!!dczerorl2)
    __decompress1                            0x0800016d   Thumb Code     0  __dczerorl2.o(!!dczerorl2)
    __scatterload_zeroinit                   0x080001c9   Thumb Code    28  __scatter_zi.o(!!handler_zi)
    _printf_d                                0x080001e5   Thumb Code     0  _printf_d.o(.ARM.Collect$$_printf_percent$$00000009)
    _printf_percent                          0x080001e5   Thumb Code     0  _printf_percent.o(.ARM.Collect$$_printf_percent$$00000000)
    _printf_u                                0x080001eb   Thumb Code     0  _printf_u.o(.ARM.Collect$$_printf_percent$$0000000A)
    _printf_x                                0x080001f1   Thumb Code     0  _printf_x.o(.ARM.Collect$$_printf_percent$$0000000C)
    _printf_c                                0x080001f7   Thumb Code     0  _printf_c.o(.ARM.Collect$$_printf_percent$$00000013)
    _printf_s                                0x080001fd   Thumb Code     0  _printf_s.o(.ARM.Collect$$_printf_percent$$00000014)
    _printf_percent_end                      0x08000203   Thumb Code     0  _printf_percent_end.o(.ARM.Collect$$_printf_percent$$00000017)
    __rt_lib_init                            0x08000207   Thumb Code     0  libinit.o(.ARM.Collect$$libinit$$00000000)
    __rt_lib_init_alloca_1                   0x08000209   Thumb Code     0  libinit2.o(.ARM.Collect$$libinit$$0000002E)
    __rt_lib_init_argv_1                     0x08000209   Thumb Code     0  libinit2.o(.ARM.Collect$$libinit$$0000002C)
    __rt_lib_init_atexit_1                   0x08000209   Thumb Code     0  libinit2.o(.ARM.Collect$$libinit$$0000001B)
    __rt_lib_init_clock_1                    0x08000209   Thumb Code     0  libinit2.o(.ARM.Collect$$libinit$$00000021)
    __rt_lib_init_cpp_1                      0x08000209   Thumb Code     0  libinit2.o(.ARM.Collect$$libinit$$00000032)
    __rt_lib_init_exceptions_1               0x08000209   Thumb Code     0  libinit2.o(.ARM.Collect$$libinit$$00000030)
    __rt_lib_init_fp_1                       0x08000209   Thumb Code     0  libinit2.o(.ARM.Collect$$libinit$$00000002)
    __rt_lib_init_fp_trap_1                  0x08000209   Thumb Code     0  libinit2.o(.ARM.Collect$$libinit$$0000001F)
    __rt_lib_init_getenv_1                   0x08000209   Thumb Code     0  libinit2.o(.ARM.Collect$$libinit$$00000023)
    __rt_lib_init_heap_1                     0x08000209   Thumb Code     0  libinit2.o(.ARM.Collect$$libinit$$0000000A)
    __rt_lib_init_lc_collate_1               0x08000209   Thumb Code     0  libinit2.o(.ARM.Collect$$libinit$$00000011)
    __rt_lib_init_lc_ctype_1                 0x08000209   Thumb Code     0  libinit2.o(.ARM.Collect$$libinit$$00000013)
    __rt_lib_init_lc_monetary_1              0x08000209   Thumb Code     0  libinit2.o(.ARM.Collect$$libinit$$00000015)
    __rt_lib_init_lc_numeric_1               0x08000209   Thumb Code     0  libinit2.o(.ARM.Collect$$libinit$$00000017)
    __rt_lib_init_lc_time_1                  0x08000209   Thumb Code     0  libinit2.o(.ARM.Collect$$libinit$$00000019)
    __rt_lib_init_preinit_1                  0x08000209   Thumb Code     0  libinit2.o(.ARM.Collect$$libinit$$00000004)
    __rt_lib_init_rand_1                     0x08000209   Thumb Code     0  libinit2.o(.ARM.Collect$$libinit$$0000000E)
    __rt_lib_init_return                     0x08000209   Thumb Code     0  libinit2.o(.ARM.Collect$$libinit$$00000033)
    __rt_lib_init_signal_1                   0x08000209   Thumb Code     0  libinit2.o(.ARM.Collect$$libinit$$0000001D)
    __rt_lib_init_stdio_1                    0x08000209   Thumb Code     0  libinit2.o(.ARM.Collect$$libinit$$00000025)
    __rt_lib_init_user_alloc_1               0x08000209   Thumb Code     0  libinit2.o(.ARM.Collect$$libinit$$0000000C)
    __rt_lib_shutdown                        0x0800020b   Thumb Code     0  libshutdown.o(.ARM.Collect$$libshutdown$$00000000)
    __rt_lib_shutdown_fp_trap_1              0x0800020d   Thumb Code     0  libshutdown2.o(.ARM.Collect$$libshutdown$$00000006)
    __rt_lib_shutdown_heap_1                 0x0800020d   Thumb Code     0  libshutdown2.o(.ARM.Collect$$libshutdown$$0000000E)
    __rt_lib_shutdown_return                 0x0800020d   Thumb Code     0  libshutdown2.o(.ARM.Collect$$libshutdown$$0000000F)
    __rt_lib_shutdown_signal_1               0x0800020d   Thumb Code     0  libshutdown2.o(.ARM.Collect$$libshutdown$$00000009)
    __rt_lib_shutdown_stdio_1                0x0800020d   Thumb Code     0  libshutdown2.o(.ARM.Collect$$libshutdown$$00000003)
    __rt_lib_shutdown_user_alloc_1           0x0800020d   Thumb Code     0  libshutdown2.o(.ARM.Collect$$libshutdown$$0000000B)
    __rt_entry                               0x0800020f   Thumb Code     0  __rtentry.o(.ARM.Collect$$rtentry$$00000000)
    __rt_entry_presh_1                       0x0800020f   Thumb Code     0  __rtentry2.o(.ARM.Collect$$rtentry$$00000002)
    __rt_entry_sh                            0x0800020f   Thumb Code     0  __rtentry4.o(.ARM.Collect$$rtentry$$00000004)
    __rt_entry_li                            0x08000215   Thumb Code     0  __rtentry2.o(.ARM.Collect$$rtentry$$0000000A)
    __rt_entry_postsh_1                      0x08000215   Thumb Code     0  __rtentry2.o(.ARM.Collect$$rtentry$$00000009)
    __rt_entry_main                          0x08000219   Thumb Code     0  __rtentry2.o(.ARM.Collect$$rtentry$$0000000D)
    __rt_entry_postli_1                      0x08000219   Thumb Code     0  __rtentry2.o(.ARM.Collect$$rtentry$$0000000C)
    __rt_exit                                0x08000221   Thumb Code     0  rtexit.o(.ARM.Collect$$rtexit$$00000000)
    __rt_exit_ls                             0x08000223   Thumb Code     0  rtexit2.o(.ARM.Collect$$rtexit$$00000003)
    __rt_exit_prels_1                        0x08000223   Thumb Code     0  rtexit2.o(.ARM.Collect$$rtexit$$00000002)
    __rt_exit_exit                           0x08000227   Thumb Code     0  rtexit2.o(.ARM.Collect$$rtexit$$00000004)
    Reset_Handler                            0x0800022d   Thumb Code     8  startup_stm32f10x_hd.o(.text)
    ADC1_2_IRQHandler                        0x08000247   Thumb Code     0  startup_stm32f10x_hd.o(.text)
    ADC3_IRQHandler                          0x08000247   Thumb Code     0  startup_stm32f10x_hd.o(.text)
    CAN1_RX1_IRQHandler                      0x08000247   Thumb Code     0  startup_stm32f10x_hd.o(.text)
    CAN1_SCE_IRQHandler                      0x08000247   Thumb Code     0  startup_stm32f10x_hd.o(.text)
    DMA1_Channel1_IRQHandler                 0x08000247   Thumb Code     0  startup_stm32f10x_hd.o(.text)
    DMA1_Channel2_IRQHandler                 0x08000247   Thumb Code     0  startup_stm32f10x_hd.o(.text)
    DMA1_Channel3_IRQHandler                 0x08000247   Thumb Code     0  startup_stm32f10x_hd.o(.text)
    DMA1_Channel4_IRQHandler                 0x08000247   Thumb Code     0  startup_stm32f10x_hd.o(.text)
    DMA1_Channel5_IRQHandler                 0x08000247   Thumb Code     0  startup_stm32f10x_hd.o(.text)
    DMA1_Channel6_IRQHandler                 0x08000247   Thumb Code     0  startup_stm32f10x_hd.o(.text)
    DMA1_Channel7_IRQHandler                 0x08000247   Thumb Code     0  startup_stm32f10x_hd.o(.text)
    DMA2_Channel1_IRQHandler                 0x08000247   Thumb Code     0  startup_stm32f10x_hd.o(.text)
    DMA2_Channel2_IRQHandler                 0x08000247   Thumb Code     0  startup_stm32f10x_hd.o(.text)
    DMA2_Channel3_IRQHandler                 0x08000247   Thumb Code     0  startup_stm32f10x_hd.o(.text)
    DMA2_Channel4_5_IRQHandler               0x08000247   Thumb Code     0  startup_stm32f10x_hd.o(.text)
    EXTI0_IRQHandler                         0x08000247   Thumb Code     0  startup_stm32f10x_hd.o(.text)
    EXTI1_IRQHandler                         0x08000247   Thumb Code     0  startup_stm32f10x_hd.o(.text)
    EXTI2_IRQHandler                         0x08000247   Thumb Code     0  startup_stm32f10x_hd.o(.text)
    EXTI3_IRQHandler                         0x08000247   Thumb Code     0  startup_stm32f10x_hd.o(.text)
    EXTI4_IRQHandler                         0x08000247   Thumb Code     0  startup_stm32f10x_hd.o(.text)
    FLASH_IRQHandler                         0x08000247   Thumb Code     0  startup_stm32f10x_hd.o(.text)
    FSMC_IRQHandler                          0x08000247   Thumb Code     0  startup_stm32f10x_hd.o(.text)
    I2C1_ER_IRQHandler                       0x08000247   Thumb Code     0  startup_stm32f10x_hd.o(.text)
    I2C1_EV_IRQHandler                       0x08000247   Thumb Code     0  startup_stm32f10x_hd.o(.text)
    I2C2_ER_IRQHandler                       0x08000247   Thumb Code     0  startup_stm32f10x_hd.o(.text)
    I2C2_EV_IRQHandler                       0x08000247   Thumb Code     0  startup_stm32f10x_hd.o(.text)
    PVD_IRQHandler                           0x08000247   Thumb Code     0  startup_stm32f10x_hd.o(.text)
    RCC_IRQHandler                           0x08000247   Thumb Code     0  startup_stm32f10x_hd.o(.text)
    RTCAlarm_IRQHandler                      0x08000247   Thumb Code     0  startup_stm32f10x_hd.o(.text)
    RTC_IRQHandler                           0x08000247   Thumb Code     0  startup_stm32f10x_hd.o(.text)
    SDIO_IRQHandler                          0x08000247   Thumb Code     0  startup_stm32f10x_hd.o(.text)
    SPI1_IRQHandler                          0x08000247   Thumb Code     0  startup_stm32f10x_hd.o(.text)
    SPI2_IRQHandler                          0x08000247   Thumb Code     0  startup_stm32f10x_hd.o(.text)
    SPI3_IRQHandler                          0x08000247   Thumb Code     0  startup_stm32f10x_hd.o(.text)
    TAMPER_IRQHandler                        0x08000247   Thumb Code     0  startup_stm32f10x_hd.o(.text)
    TIM1_BRK_IRQHandler                      0x08000247   Thumb Code     0  startup_stm32f10x_hd.o(.text)
    TIM1_CC_IRQHandler                       0x08000247   Thumb Code     0  startup_stm32f10x_hd.o(.text)
    TIM1_TRG_COM_IRQHandler                  0x08000247   Thumb Code     0  startup_stm32f10x_hd.o(.text)
    TIM1_UP_IRQHandler                       0x08000247   Thumb Code     0  startup_stm32f10x_hd.o(.text)
    TIM2_IRQHandler                          0x08000247   Thumb Code     0  startup_stm32f10x_hd.o(.text)
    TIM5_IRQHandler                          0x08000247   Thumb Code     0  startup_stm32f10x_hd.o(.text)
    TIM7_IRQHandler                          0x08000247   Thumb Code     0  startup_stm32f10x_hd.o(.text)
    TIM8_BRK_IRQHandler                      0x08000247   Thumb Code     0  startup_stm32f10x_hd.o(.text)
    TIM8_CC_IRQHandler                       0x08000247   Thumb Code     0  startup_stm32f10x_hd.o(.text)
    TIM8_TRG_COM_IRQHandler                  0x08000247   Thumb Code     0  startup_stm32f10x_hd.o(.text)
    TIM8_UP_IRQHandler                       0x08000247   Thumb Code     0  startup_stm32f10x_hd.o(.text)
    UART4_IRQHandler                         0x08000247   Thumb Code     0  startup_stm32f10x_hd.o(.text)
    UART5_IRQHandler                         0x08000247   Thumb Code     0  startup_stm32f10x_hd.o(.text)
    USART2_IRQHandler                        0x08000247   Thumb Code     0  startup_stm32f10x_hd.o(.text)
    USBWakeUp_IRQHandler                     0x08000247   Thumb Code     0  startup_stm32f10x_hd.o(.text)
    USB_HP_CAN1_TX_IRQHandler                0x08000247   Thumb Code     0  startup_stm32f10x_hd.o(.text)
    USB_LP_CAN1_RX0_IRQHandler               0x08000247   Thumb Code     0  startup_stm32f10x_hd.o(.text)
    WWDG_IRQHandler                          0x08000247   Thumb Code     0  startup_stm32f10x_hd.o(.text)
    __user_initial_stackheap                 0x08000249   Thumb Code     0  startup_stm32f10x_hd.o(.text)
    __use_no_semihosting                     0x08000269   Thumb Code     2  use_no_semi_2.o(.text)
    __2printf                                0x0800026d   Thumb Code    20  noretval__2printf.o(.text)
    _printf_pre_padding                      0x08000285   Thumb Code    44  _printf_pad.o(.text)
    _printf_post_padding                     0x080002b1   Thumb Code    34  _printf_pad.o(.text)
    _printf_str                              0x080002d3   Thumb Code    82  _printf_str.o(.text)
    _printf_int_dec                          0x08000325   Thumb Code   104  _printf_dec.o(.text)
    _printf_int_hex                          0x0800039d   Thumb Code    84  _printf_hex_int.o(.text)
    _printf_longlong_hex                     0x0800039d   Thumb Code     0  _printf_hex_int.o(.text)
    __printf                                 0x080003f5   Thumb Code   388  __printf_flags_ss_wp.o(.text)
    __aeabi_memcpy4                          0x0800057d   Thumb Code     0  rt_memcpy_w.o(.text)
    __aeabi_memcpy8                          0x0800057d   Thumb Code     0  rt_memcpy_w.o(.text)
    __rt_memcpy_w                            0x0800057d   Thumb Code   100  rt_memcpy_w.o(.text)
    _memcpy_lastbytes_aligned                0x080005c5   Thumb Code     0  rt_memcpy_w.o(.text)
    __use_two_region_memory                  0x080005e1   Thumb Code     2  heapauxi.o(.text)
    __rt_heap_escrow$2region                 0x080005e3   Thumb Code     2  heapauxi.o(.text)
    __rt_heap_expand$2region                 0x080005e5   Thumb Code     2  heapauxi.o(.text)
    __I$use$semihosting                      0x080005e7   Thumb Code     0  use_no_semi.o(.text)
    __use_no_semihosting_swi                 0x080005e7   Thumb Code     2  use_no_semi.o(.text)
    _printf_int_common                       0x080005e9   Thumb Code   178  _printf_intcommon.o(.text)
    _printf_cs_common                        0x0800069b   Thumb Code    20  _printf_char.o(.text)
    _printf_char                             0x080006af   Thumb Code    16  _printf_char.o(.text)
    _printf_string                           0x080006bf   Thumb Code     8  _printf_char.o(.text)
    _printf_char_file                        0x080006c9   Thumb Code    32  _printf_char_file.o(.text)
    _printf_char_common                      0x080006f7   Thumb Code    32  _printf_char_common.o(.text)
    ferror                                   0x0800071d   Thumb Code     8  ferror.o(.text)
    __user_setup_stackheap                   0x08000725   Thumb Code    74  sys_stackheap_outer.o(.text)
    exit                                     0x0800076f   Thumb Code    12  exit.o(.text)
    __user_libspace                          0x0800077d   Thumb Code     8  libspace.o(.text)
    __user_perproc_libspace                  0x0800077d   Thumb Code     0  libspace.o(.text)
    __user_perthread_libspace                0x0800077d   Thumb Code     0  libspace.o(.text)
    BusFault_Handler                         0x08000785   Thumb Code     2  stm32f10x_it.o(i.BusFault_Handler)
    DebugMon_Handler                         0x08000787   Thumb Code     2  stm32f10x_it.o(i.DebugMon_Handler)
    Delay                                    0x08000789   Thumb Code    16  key.o(i.Delay)
    EXTI15_10_IRQHandler                     0x08000799   Thumb Code    24  key.o(i.EXTI15_10_IRQHandler)
    EXTI8_Init                               0x080007b5   Thumb Code    66  exti.o(i.EXTI8_Init)
    EXTI9_5_IRQHandler                       0x080007f9   Thumb Code    54  exti.o(i.EXTI9_5_IRQHandler)
    EXTI_ClearFlag                           0x0800083d   Thumb Code     6  stm32f10x_exti.o(i.EXTI_ClearFlag)
    EXTI_ClearITPendingBit                   0x08000849   Thumb Code     6  stm32f10x_exti.o(i.EXTI_ClearITPendingBit)
    EXTI_GetITStatus                         0x08000855   Thumb Code    28  stm32f10x_exti.o(i.EXTI_GetITStatus)
    EXTI_Init                                0x08000875   Thumb Code   108  stm32f10x_exti.o(i.EXTI_Init)
    FSMC_NORSRAMCmd                          0x080008e5   Thumb Code    26  stm32f10x_fsmc.o(i.FSMC_NORSRAMCmd)
    FSMC_NORSRAMInit                         0x08000905   Thumb Code   200  stm32f10x_fsmc.o(i.FSMC_NORSRAMInit)
    Function                                 0x080009cd   Thumb Code    80  key.o(i.Function)
    GPIO_EXTILineConfig                      0x08000a25   Thumb Code    34  stm32f10x_gpio.o(i.GPIO_EXTILineConfig)
    GPIO_Init                                0x08000a4d   Thumb Code   156  stm32f10x_gpio.o(i.GPIO_Init)
    GPIO_PinRemapConfig                      0x08000ae9   Thumb Code    82  stm32f10x_gpio.o(i.GPIO_PinRemapConfig)
    GPIO_ReadInputData                       0x08000b41   Thumb Code     6  stm32f10x_gpio.o(i.GPIO_ReadInputData)
    GPIO_ReadInputDataBit                    0x08000b47   Thumb Code    14  stm32f10x_gpio.o(i.GPIO_ReadInputDataBit)
    GPIO_ResetBits                           0x08000b55   Thumb Code     4  stm32f10x_gpio.o(i.GPIO_ResetBits)
    GPIO_SetBits                             0x08000b59   Thumb Code     4  stm32f10x_gpio.o(i.GPIO_SetBits)
    HardFault_Handler                        0x08000b5d   Thumb Code     2  stm32f10x_it.o(i.HardFault_Handler)
    KEY_Init                                 0x08000b61   Thumb Code    52  key_scan.o(i.KEY_Init)
    KEY_Scan                                 0x08000b9d   Thumb Code   154  key_scan.o(i.KEY_Scan)
    Key_scan                                 0x08000c45   Thumb Code   368  key.o(i.Key_scan)
    LCD_Clear                                0x08000dbd   Thumb Code   100  lcd.o(i.LCD_Clear)
    LCD_Display_Dir                          0x08000e29   Thumb Code   298  lcd.o(i.LCD_Display_Dir)
    LCD_Fast_DrawPoint                       0x08000f59   Thumb Code   276  lcd.o(i.LCD_Fast_DrawPoint)
    LCD_Fill                                 0x08001075   Thumb Code   132  lcd.o(i.LCD_Fill)
    LCD_Init                                 0x08001101   Thumb Code 11792  lcd.o(i.LCD_Init)
    LCD_Pow                                  0x08003f15   Thumb Code    16  lcd.o(i.LCD_Pow)
    LCD_RD_DATA                              0x08003f25   Thumb Code    16  lcd.o(i.LCD_RD_DATA)
    LCD_ReadReg                              0x08003f39   Thumb Code    20  lcd.o(i.LCD_ReadReg)
    LCD_SSD_BackLightSet                     0x08003f51   Thumb Code    50  lcd.o(i.LCD_SSD_BackLightSet)
    LCD_Scan_Dir                             0x08003f8d   Thumb Code   414  lcd.o(i.LCD_Scan_Dir)
    LCD_SetCursor                            0x08004135   Thumb Code   320  lcd.o(i.LCD_SetCursor)
    LCD_Set_Window                           0x0800427d   Thumb Code   370  lcd.o(i.LCD_Set_Window)
    LCD_ShowChar                             0x080043f9   Thumb Code   182  lcd.o(i.LCD_ShowChar)
    LCD_ShowString                           0x080044c5   Thumb Code    84  lcd.o(i.LCD_ShowString)
    LCD_ShowxNum                             0x08004519   Thumb Code   134  lcd.o(i.LCD_ShowxNum)
    LCD_WriteRAM_Prepare                     0x080045a1   Thumb Code    10  lcd.o(i.LCD_WriteRAM_Prepare)
    LCD_WriteReg                             0x080045b5   Thumb Code    10  lcd.o(i.LCD_WriteReg)
    LED_Init                                 0x080045c5   Thumb Code    70  led.o(i.LED_Init)
    MemManage_Handler                        0x08004615   Thumb Code     2  stm32f10x_it.o(i.MemManage_Handler)
    NMI_Handler                              0x08004617   Thumb Code     2  stm32f10x_it.o(i.NMI_Handler)
    NVIC_Init                                0x08004619   Thumb Code    94  misc.o(i.NVIC_Init)
    NVIC_PriorityGroupConfig                 0x0800467d   Thumb Code    10  misc.o(i.NVIC_PriorityGroupConfig)
    OV7670_Init                              0x08004691   Thumb Code   242  ov7670.o(i.OV7670_Init)
    OV7670_Window_Set                        0x080047a1   Thumb Code   110  ov7670.o(i.OV7670_Window_Set)
    PID_Init                                 0x08004811   Thumb Code    20  pid.o(i.PID_Init)
    PendSV_Handler                           0x08004829   Thumb Code     2  stm32f10x_it.o(i.PendSV_Handler)
    RCC_AHBPeriphClockCmd                    0x0800482d   Thumb Code    18  stm32f10x_rcc.o(i.RCC_AHBPeriphClockCmd)
    RCC_APB1PeriphClockCmd                   0x08004845   Thumb Code    18  stm32f10x_rcc.o(i.RCC_APB1PeriphClockCmd)
    RCC_APB2PeriphClockCmd                   0x0800485d   Thumb Code    18  stm32f10x_rcc.o(i.RCC_APB2PeriphClockCmd)
    RCC_GetClocksFreq                        0x08004875   Thumb Code   132  stm32f10x_rcc.o(i.RCC_GetClocksFreq)
    Read_angle                               0x08004909   Thumb Code   320  usart3.o(i.Read_angle)
    SCCB_Init                                0x08004a61   Thumb Code    98  sccb.o(i.SCCB_Init)
    SCCB_No_Ack                              0x08004acd   Thumb Code    58  sccb.o(i.SCCB_No_Ack)
    SCCB_RD_Byte                             0x08004b11   Thumb Code   102  sccb.o(i.SCCB_RD_Byte)
    SCCB_RD_Reg                              0x08004b85   Thumb Code    76  sccb.o(i.SCCB_RD_Reg)
    SCCB_Start                               0x08004bd1   Thumb Code    44  sccb.o(i.SCCB_Start)
    SCCB_Stop                                0x08004c05   Thumb Code    46  sccb.o(i.SCCB_Stop)
    SCCB_WR_Byte                             0x08004c3d   Thumb Code   130  sccb.o(i.SCCB_WR_Byte)
    SCCB_WR_Reg                              0x08004ccd   Thumb Code    62  sccb.o(i.SCCB_WR_Reg)
    SVC_Handler                              0x08004d0b   Thumb Code     2  stm32f10x_it.o(i.SVC_Handler)
    SysTick_CLKSourceConfig                  0x08004db5   Thumb Code    24  misc.o(i.SysTick_CLKSourceConfig)
    SysTick_Handler                          0x08004dcd   Thumb Code     2  stm32f10x_it.o(i.SysTick_Handler)
    SystemInit                               0x08004dd1   Thumb Code    64  system_stm32f10x.o(i.SystemInit)
    TIM3_IRQHandler                          0x08004e21   Thumb Code    34  timer.o(i.TIM3_IRQHandler)
    TIM3_PWM_Init                            0x08004e4d   Thumb Code   160  timer.o(i.TIM3_PWM_Init)
    TIM4_IRQHandler                          0x08004ef9   Thumb Code    50  usmart.o(i.TIM4_IRQHandler)
    TIM6_IRQHandler                          0x08004f35   Thumb Code   582  timer.o(i.TIM6_IRQHandler)
    TIM6_Int_Init                            0x080051c9   Thumb Code    90  timer.o(i.TIM6_Int_Init)
    TIM_ARRPreloadConfig                     0x08005229   Thumb Code    20  stm32f10x_tim.o(i.TIM_ARRPreloadConfig)
    TIM_ClearFlag                            0x0800523d   Thumb Code     6  stm32f10x_tim.o(i.TIM_ClearFlag)
    TIM_ClearITPendingBit                    0x08005243   Thumb Code     6  stm32f10x_tim.o(i.TIM_ClearITPendingBit)
    TIM_Cmd                                  0x08005249   Thumb Code    20  stm32f10x_tim.o(i.TIM_Cmd)
    TIM_GetCounter                           0x0800525d   Thumb Code     4  stm32f10x_tim.o(i.TIM_GetCounter)
    TIM_GetFlagStatus                        0x08005261   Thumb Code    14  stm32f10x_tim.o(i.TIM_GetFlagStatus)
    TIM_GetITStatus                          0x0800526f   Thumb Code    24  stm32f10x_tim.o(i.TIM_GetITStatus)
    TIM_ITConfig                             0x08005287   Thumb Code    16  stm32f10x_tim.o(i.TIM_ITConfig)
    TIM_OC2Init                              0x08005299   Thumb Code   120  stm32f10x_tim.o(i.TIM_OC2Init)
    TIM_OC2PreloadConfig                     0x08005319   Thumb Code    20  stm32f10x_tim.o(i.TIM_OC2PreloadConfig)
    TIM_OC4Init                              0x0800532d   Thumb Code    90  stm32f10x_tim.o(i.TIM_OC4Init)
    TIM_OC4PreloadConfig                     0x08005391   Thumb Code    20  stm32f10x_tim.o(i.TIM_OC4PreloadConfig)
    TIM_SetAutoreload                        0x080053a5   Thumb Code     4  stm32f10x_tim.o(i.TIM_SetAutoreload)
    TIM_SetCompare2                          0x080053a9   Thumb Code     4  stm32f10x_tim.o(i.TIM_SetCompare2)
    TIM_SetCompare4                          0x080053ad   Thumb Code     6  stm32f10x_tim.o(i.TIM_SetCompare4)
    TIM_SetCounter                           0x080053b3   Thumb Code     4  stm32f10x_tim.o(i.TIM_SetCounter)
    TIM_TimeBaseInit                         0x080053b9   Thumb Code   114  stm32f10x_tim.o(i.TIM_TimeBaseInit)
    Timer4_Init                              0x08005455   Thumb Code    90  usmart.o(i.Timer4_Init)
    USART1_IRQHandler                        0x080054b5   Thumb Code    88  usart.o(i.USART1_IRQHandler)
    USART3_IRQHandler                        0x08005519   Thumb Code    72  usart3.o(i.USART3_IRQHandler)
    USART_Cmd                                0x0800556d   Thumb Code    20  stm32f10x_usart.o(i.USART_Cmd)
    USART_GetITStatus                        0x08005581   Thumb Code    62  stm32f10x_usart.o(i.USART_GetITStatus)
    USART_ITConfig                           0x080055bf   Thumb Code    48  stm32f10x_usart.o(i.USART_ITConfig)
    USART_Init                               0x080055f1   Thumb Code   166  stm32f10x_usart.o(i.USART_Init)
    USART_ReceiveData                        0x0800569d   Thumb Code     8  stm32f10x_usart.o(i.USART_ReceiveData)
    UsageFault_Handler                       0x080056a5   Thumb Code     2  stm32f10x_it.o(i.UsageFault_Handler)
    X1_distance_pwm                          0x080056a9   Thumb Code   104  pid.o(i.X1_distance_pwm)
    X1_speed_pwm                             0x0800572d   Thumb Code    92  pid.o(i.X1_speed_pwm)
    X2_distance_pwm                          0x08005795   Thumb Code   104  pid.o(i.X2_distance_pwm)
    X2_speed_pwm                             0x08005819   Thumb Code    92  pid.o(i.X2_speed_pwm)
    X3_distance_pwm                          0x08005881   Thumb Code   110  pid.o(i.X3_distance_pwm)
    X3_speed_pwm                             0x0800590d   Thumb Code    92  pid.o(i.X3_speed_pwm)
    X4_distance_pwm                          0x08005975   Thumb Code   104  pid.o(i.X4_distance_pwm)
    X4_speed_pwm                             0x080059f9   Thumb Code    92  pid.o(i.X4_speed_pwm)
    Y1_distance_pwm                          0x08005a61   Thumb Code   104  pid.o(i.Y1_distance_pwm)
    Y1_speed_pwm                             0x08005ae5   Thumb Code    92  pid.o(i.Y1_speed_pwm)
    Y2_distance_pwm                          0x08005b4d   Thumb Code   104  pid.o(i.Y2_distance_pwm)
    Y2_speed_pwm                             0x08005bd1   Thumb Code    92  pid.o(i.Y2_speed_pwm)
    Y3_distance_pwm                          0x08005c39   Thumb Code   110  pid.o(i.Y3_distance_pwm)
    Y3_speed_pwm                             0x08005cc5   Thumb Code    92  pid.o(i.Y3_speed_pwm)
    Y4_distance_pwm                          0x08005d2d   Thumb Code   104  pid.o(i.Y4_distance_pwm)
    Y4_speed_pwm                             0x08005db1   Thumb Code    92  pid.o(i.Y4_speed_pwm)
    _is_digit                                0x08005e19   Thumb Code    14  __printf_wp.o(i._is_digit)
    _sys_exit                                0x08005e27   Thumb Code     2  usart.o(i._sys_exit)
    camera_refresh                           0x08005e29   Thumb Code   320  timer.o(i.camera_refresh)
    delay_init                               0x08005f85   Thumb Code    46  delay.o(i.delay_init)
    delay_ms                                 0x08005fc1   Thumb Code    46  delay.o(i.delay_ms)
    delay_us                                 0x08005ff5   Thumb Code    46  delay.o(i.delay_us)
    fputc                                    0x08006029   Thumb Code    18  usart.o(i.fputc)
    get_speedx                               0x08006041   Thumb Code    28  location.o(i.get_speedx)
    get_speedy                               0x08006069   Thumb Code    28  location.o(i.get_speedy)
    main                                     0x08006095   Thumb Code   416  main.o(i.main)
    read_addr                                0x080062c1   Thumb Code     4  usmart.o(i.read_addr)
    uart_init                                0x080062c5   Thumb Code   152  usart.o(i.uart_init)
    usart3_init                              0x08006365   Thumb Code   162  usart3.o(i.usart3_init)
    usmart_cmd_rec                           0x08006411   Thumb Code   144  usmart.o(i.usmart_cmd_rec)
    usmart_exe                               0x080064a5   Thumb Code   510  usmart.o(i.usmart_exe)
    usmart_get_aparm                         0x08006705   Thumb Code   156  usmart_str.o(i.usmart_get_aparm)
    usmart_get_cmdname                       0x080067a1   Thumb Code    46  usmart_str.o(i.usmart_get_cmdname)
    usmart_get_fname                         0x080067d1   Thumb Code   352  usmart_str.o(i.usmart_get_fname)
    usmart_get_fparam                        0x08006939   Thumb Code   202  usmart_str.o(i.usmart_get_fparam)
    usmart_get_parmpos                       0x08006a09   Thumb Code    30  usmart_str.o(i.usmart_get_parmpos)
    usmart_get_runtime                       0x08006a2d   Thumb Code    48  usmart.o(i.usmart_get_runtime)
    usmart_init                              0x08006a65   Thumb Code    36  usmart.o(i.usmart_init)
    usmart_pow                               0x08006a8d   Thumb Code    16  usmart_str.o(i.usmart_pow)
    usmart_reset_runtime                     0x08006a9d   Thumb Code    40  usmart.o(i.usmart_reset_runtime)
    usmart_scan                              0x08006acd   Thumb Code    94  usmart.o(i.usmart_scan)
    usmart_search_nextc                      0x08006b71   Thumb Code    16  usmart_str.o(i.usmart_search_nextc)
    usmart_str2num                           0x08006b81   Thumb Code   160  usmart_str.o(i.usmart_str2num)
    usmart_strcmp                            0x08006c21   Thumb Code    24  usmart_str.o(i.usmart_strcmp)
    usmart_strcopy                           0x08006c39   Thumb Code    18  usmart_str.o(i.usmart_strcopy)
    usmart_strlen                            0x08006c4b   Thumb Code    18  usmart_str.o(i.usmart_strlen)
    usmart_sys_cmd_exe                       0x08006c5d   Thumb Code  1442  usmart.o(i.usmart_sys_cmd_exe)
    write_addr                               0x080072cd   Thumb Code     4  usmart.o(i.write_addr)
    __aeabi_d2f                              0x080072d1   Thumb Code     0  d2f.o(x$fpl$d2f)
    _d2f                                     0x080072d1   Thumb Code    98  d2f.o(x$fpl$d2f)
    __aeabi_dadd                             0x08007335   Thumb Code     0  daddsub_clz.o(x$fpl$dadd)
    _dadd                                    0x08007335   Thumb Code   332  daddsub_clz.o(x$fpl$dadd)
    __fpl_dcheck_NaN1                        0x08007485   Thumb Code    10  dcheck1.o(x$fpl$dcheck1)
    __aeabi_ddiv                             0x08007495   Thumb Code     0  ddiv.o(x$fpl$ddiv)
    _ddiv                                    0x08007495   Thumb Code   552  ddiv.o(x$fpl$ddiv)
    __aeabi_d2uiz                            0x08007745   Thumb Code     0  dfixu.o(x$fpl$dfixu)
    _dfixu                                   0x08007745   Thumb Code    90  dfixu.o(x$fpl$dfixu)
    __aeabi_i2d                              0x0800779f   Thumb Code     0  dflt_clz.o(x$fpl$dflt)
    _dflt                                    0x0800779f   Thumb Code    46  dflt_clz.o(x$fpl$dflt)
    __aeabi_ui2d                             0x080077cd   Thumb Code     0  dflt_clz.o(x$fpl$dfltu)
    _dfltu                                   0x080077cd   Thumb Code    38  dflt_clz.o(x$fpl$dfltu)
    __aeabi_dmul                             0x080077f5   Thumb Code     0  dmul.o(x$fpl$dmul)
    _dmul                                    0x080077f5   Thumb Code   332  dmul.o(x$fpl$dmul)
    __fpl_dnaninf                            0x08007949   Thumb Code   156  dnaninf.o(x$fpl$dnaninf)
    __fpl_dretinf                            0x080079e5   Thumb Code    12  dretinf.o(x$fpl$dretinf)
    __aeabi_dsub                             0x080079f1   Thumb Code     0  daddsub_clz.o(x$fpl$dsub)
    _dsub                                    0x080079f1   Thumb Code   464  daddsub_clz.o(x$fpl$dsub)
    __aeabi_fadd                             0x08007bc5   Thumb Code     0  faddsub_clz.o(x$fpl$fadd)
    _fadd                                    0x08007bc5   Thumb Code   196  faddsub_clz.o(x$fpl$fadd)
    __aeabi_f2iz                             0x08007c89   Thumb Code     0  ffix.o(x$fpl$ffix)
    _ffix                                    0x08007c89   Thumb Code    54  ffix.o(x$fpl$ffix)
    __aeabi_f2uiz                            0x08007cc1   Thumb Code     0  ffixu.o(x$fpl$ffixu)
    _ffixu                                   0x08007cc1   Thumb Code    62  ffixu.o(x$fpl$ffixu)
    __aeabi_i2f                              0x08007d01   Thumb Code     0  fflt_clz.o(x$fpl$fflt)
    _fflt                                    0x08007d01   Thumb Code    48  fflt_clz.o(x$fpl$fflt)
    __aeabi_ui2f                             0x08007d31   Thumb Code     0  fflt_clz.o(x$fpl$ffltu)
    _ffltu                                   0x08007d31   Thumb Code    38  fflt_clz.o(x$fpl$ffltu)
    __aeabi_fmul                             0x08007d59   Thumb Code     0  fmul.o(x$fpl$fmul)
    _fmul                                    0x08007d59   Thumb Code   258  fmul.o(x$fpl$fmul)
    __fpl_fnaninf                            0x08007e5b   Thumb Code   140  fnaninf.o(x$fpl$fnaninf)
    __fpl_fretinf                            0x08007ee7   Thumb Code    10  fretinf.o(x$fpl$fretinf)
    __aeabi_fsub                             0x08007ef1   Thumb Code     0  faddsub_clz.o(x$fpl$fsub)
    _fsub                                    0x08007ef1   Thumb Code   234  faddsub_clz.o(x$fpl$fsub)
    __fpl_return_NaN                         0x08007fdb   Thumb Code   100  retnan.o(x$fpl$retnan)
    __ARM_scalbn                             0x0800803f   Thumb Code    92  scalbn.o(x$fpl$scalbn)
    __fpl_cmpreturn                          0x0800809b   Thumb Code    48  trapv.o(x$fpl$trapveneer)
    __I$use$fp                               0x080080ca   Number         0  usenofp.o(x$fpl$usenofp)
    asc2_1206                                0x080080ca   Data        1140  lcd.o(.constdata)
    asc2_1608                                0x0800853e   Data        1520  lcd.o(.constdata)
    asc2_2412                                0x08008b2e   Data        3420  lcd.o(.constdata)
    ov7670_init_reg_tbl                      0x0800988a   Data         336  ov7670.o(.constdata)
    Region$$Table$$Base                      0x08009b1c   Number         0  anon$$obj.o(Region$$Table)
    Region$$Table$$Limit                     0x08009b3c   Number         0  anon$$obj.o(Region$$Table)
    SystemCoreClock                          0x20000000   Data           4  system_stm32f10x.o(.data)
    AHBPrescTable                            0x20000004   Data          16  system_stm32f10x.o(.data)
    mode1_flag                               0x20000014   Data           1  key.o(.data)
    mode2_flag                               0x20000015   Data           1  key.o(.data)
    mode3_flag                               0x20000016   Data           1  key.o(.data)
    mode4_flag                               0x20000017   Data           1  key.o(.data)
    Keyboard_Change_Flag                     0x20000018   Data           1  key.o(.data)
    key_pressed_flag                         0x20000019   Data           1  key.o(.data)
    key_data                                 0x2000001a   Data          16  key.o(.data)
    tim                                      0x2000002a   Data           1  key.o(.data)
    POINT_COLOR                              0x2000002c   Data           2  lcd.o(.data)
    BACK_COLOR                               0x2000002e   Data           2  lcd.o(.data)
    ov_sta                                   0x20000030   Data           1  exti.o(.data)
    sv_x3                                    0x20000034   Data           4  timer.o(.data)
    sv_y3                                    0x20000038   Data           4  timer.o(.data)
    save_x                                   0x2000003c   Data           2  location.o(.data)
    save_y                                   0x2000003e   Data           2  location.o(.data)
    counter                                  0x20000040   Data           1  usart3.o(.data)
    sign                                     0x20000041   Data           1  usart3.o(.data)
    t                                        0x20000044   Data           4  usart3.o(.data)
    USART_RX_STA                             0x200000ce   Data           2  usart.o(.data)
    __stdout                                 0x200000d0   Data           4  usart.o(.data)
    sys_cmd_tab                              0x200000e8   Data          28  usmart.o(.data)
    usmart_nametab                           0x20000104   Data          56  usmart_config.o(.data)
    usmart_dev                               0x2000013c   Data         244  usmart_config.o(.data)
    lcddev                                   0x20000230   Data          14  lcd.o(.bss)
    Pic_Buff                                 0x2000023e   Data       51200  timer.o(.bss)
    Temp                                     0x2000ca40   Data          11  usart3.o(.bss)
    angle                                    0x2000ca4c   Data          12  usart3.o(.bss)
    speed                                    0x2000ca58   Data          12  usart3.o(.bss)
    accel                                    0x2000ca64   Data          12  usart3.o(.bss)
    Re_buf                                   0x2000ca70   Data          11  usart3.o(.bss)
    pid                                      0x2000ca7c   Data          84  pid.o(.bss)
    USART_RX_BUF                             0x2000cad0   Data         200  usart.o(.bss)
    __libspace_start                         0x2000cb98   Data          96  libspace.o(.bss)
    __temporary_stack_top$libspace           0x2000cbf8   Data           0  libspace.o(.bss)



==============================================================================

Memory Map of the image

  Image Entry point : 0x08000131

  Load Region LR_IROM1 (Base: 0x08000000, Size: 0x00009d6c, Max: 0x00080000, ABSOLUTE, COMPRESSED[0x00009bc8])

    Execution Region ER_IROM1 (Base: 0x08000000, Size: 0x00009b3c, Max: 0x00080000, ABSOLUTE)

    Base Addr    Size         Type   Attr      Idx    E Section Name        Object

    0x08000000   0x00000130   Data   RO          951    RESET               startup_stm32f10x_hd.o
    0x08000130   0x00000008   Code   RO         2417  * !!!main             c_w.l(__main.o)
    0x08000138   0x00000034   Code   RO         2651    !!!scatter          c_w.l(__scatter.o)
    0x0800016c   0x0000005a   Code   RO         2649    !!dczerorl2         c_w.l(__dczerorl2.o)
    0x080001c6   0x00000002   PAD
    0x080001c8   0x0000001c   Code   RO         2653    !!handler_zi        c_w.l(__scatter_zi.o)
    0x080001e4   0x00000000   Code   RO         2412    .ARM.Collect$$_printf_percent$$00000000  c_w.l(_printf_percent.o)
    0x080001e4   0x00000006   Code   RO         2410    .ARM.Collect$$_printf_percent$$00000009  c_w.l(_printf_d.o)
    0x080001ea   0x00000006   Code   RO         2411    .ARM.Collect$$_printf_percent$$0000000A  c_w.l(_printf_u.o)
    0x080001f0   0x00000006   Code   RO         2409    .ARM.Collect$$_printf_percent$$0000000C  c_w.l(_printf_x.o)
    0x080001f6   0x00000006   Code   RO         2407    .ARM.Collect$$_printf_percent$$00000013  c_w.l(_printf_c.o)
    0x080001fc   0x00000006   Code   RO         2408    .ARM.Collect$$_printf_percent$$00000014  c_w.l(_printf_s.o)
    0x08000202   0x00000004   Code   RO         2476    .ARM.Collect$$_printf_percent$$00000017  c_w.l(_printf_percent_end.o)
    0x08000206   0x00000002   Code   RO         2522    .ARM.Collect$$libinit$$00000000  c_w.l(libinit.o)
    0x08000208   0x00000000   Code   RO         2531    .ARM.Collect$$libinit$$00000002  c_w.l(libinit2.o)
    0x08000208   0x00000000   Code   RO         2533    .ARM.Collect$$libinit$$00000004  c_w.l(libinit2.o)
    0x08000208   0x00000000   Code   RO         2536    .ARM.Collect$$libinit$$0000000A  c_w.l(libinit2.o)
    0x08000208   0x00000000   Code   RO         2538    .ARM.Collect$$libinit$$0000000C  c_w.l(libinit2.o)
    0x08000208   0x00000000   Code   RO         2540    .ARM.Collect$$libinit$$0000000E  c_w.l(libinit2.o)
    0x08000208   0x00000000   Code   RO         2543    .ARM.Collect$$libinit$$00000011  c_w.l(libinit2.o)
    0x08000208   0x00000000   Code   RO         2545    .ARM.Collect$$libinit$$00000013  c_w.l(libinit2.o)
    0x08000208   0x00000000   Code   RO         2547    .ARM.Collect$$libinit$$00000015  c_w.l(libinit2.o)
    0x08000208   0x00000000   Code   RO         2549    .ARM.Collect$$libinit$$00000017  c_w.l(libinit2.o)
    0x08000208   0x00000000   Code   RO         2551    .ARM.Collect$$libinit$$00000019  c_w.l(libinit2.o)
    0x08000208   0x00000000   Code   RO         2553    .ARM.Collect$$libinit$$0000001B  c_w.l(libinit2.o)
    0x08000208   0x00000000   Code   RO         2555    .ARM.Collect$$libinit$$0000001D  c_w.l(libinit2.o)
    0x08000208   0x00000000   Code   RO         2557    .ARM.Collect$$libinit$$0000001F  c_w.l(libinit2.o)
    0x08000208   0x00000000   Code   RO         2559    .ARM.Collect$$libinit$$00000021  c_w.l(libinit2.o)
    0x08000208   0x00000000   Code   RO         2561    .ARM.Collect$$libinit$$00000023  c_w.l(libinit2.o)
    0x08000208   0x00000000   Code   RO         2563    .ARM.Collect$$libinit$$00000025  c_w.l(libinit2.o)
    0x08000208   0x00000000   Code   RO         2567    .ARM.Collect$$libinit$$0000002C  c_w.l(libinit2.o)
    0x08000208   0x00000000   Code   RO         2569    .ARM.Collect$$libinit$$0000002E  c_w.l(libinit2.o)
    0x08000208   0x00000000   Code   RO         2571    .ARM.Collect$$libinit$$00000030  c_w.l(libinit2.o)
    0x08000208   0x00000000   Code   RO         2573    .ARM.Collect$$libinit$$00000032  c_w.l(libinit2.o)
    0x08000208   0x00000002   Code   RO         2574    .ARM.Collect$$libinit$$00000033  c_w.l(libinit2.o)
    0x0800020a   0x00000002   Code   RO         2592    .ARM.Collect$$libshutdown$$00000000  c_w.l(libshutdown.o)
    0x0800020c   0x00000000   Code   RO         2603    .ARM.Collect$$libshutdown$$00000003  c_w.l(libshutdown2.o)
    0x0800020c   0x00000000   Code   RO         2606    .ARM.Collect$$libshutdown$$00000006  c_w.l(libshutdown2.o)
    0x0800020c   0x00000000   Code   RO         2609    .ARM.Collect$$libshutdown$$00000009  c_w.l(libshutdown2.o)
    0x0800020c   0x00000000   Code   RO         2611    .ARM.Collect$$libshutdown$$0000000B  c_w.l(libshutdown2.o)
    0x0800020c   0x00000000   Code   RO         2614    .ARM.Collect$$libshutdown$$0000000E  c_w.l(libshutdown2.o)
    0x0800020c   0x00000002   Code   RO         2615    .ARM.Collect$$libshutdown$$0000000F  c_w.l(libshutdown2.o)
    0x0800020e   0x00000000   Code   RO         2469    .ARM.Collect$$rtentry$$00000000  c_w.l(__rtentry.o)
    0x0800020e   0x00000000   Code   RO         2489    .ARM.Collect$$rtentry$$00000002  c_w.l(__rtentry2.o)
    0x0800020e   0x00000006   Code   RO         2501    .ARM.Collect$$rtentry$$00000004  c_w.l(__rtentry4.o)
    0x08000214   0x00000000   Code   RO         2491    .ARM.Collect$$rtentry$$00000009  c_w.l(__rtentry2.o)
    0x08000214   0x00000004   Code   RO         2492    .ARM.Collect$$rtentry$$0000000A  c_w.l(__rtentry2.o)
    0x08000218   0x00000000   Code   RO         2494    .ARM.Collect$$rtentry$$0000000C  c_w.l(__rtentry2.o)
    0x08000218   0x00000008   Code   RO         2495    .ARM.Collect$$rtentry$$0000000D  c_w.l(__rtentry2.o)
    0x08000220   0x00000002   Code   RO         2528    .ARM.Collect$$rtexit$$00000000  c_w.l(rtexit.o)
    0x08000222   0x00000000   Code   RO         2576    .ARM.Collect$$rtexit$$00000002  c_w.l(rtexit2.o)
    0x08000222   0x00000004   Code   RO         2577    .ARM.Collect$$rtexit$$00000003  c_w.l(rtexit2.o)
    0x08000226   0x00000006   Code   RO         2578    .ARM.Collect$$rtexit$$00000004  c_w.l(rtexit2.o)
    0x0800022c   0x0000003c   Code   RO          952    .text               startup_stm32f10x_hd.o
    0x08000268   0x00000002   Code   RO         2352    .text               c_w.l(use_no_semi_2.o)
    0x0800026a   0x00000002   PAD
    0x0800026c   0x00000018   Code   RO         2356    .text               c_w.l(noretval__2printf.o)
    0x08000284   0x0000004e   Code   RO         2360    .text               c_w.l(_printf_pad.o)
    0x080002d2   0x00000052   Code   RO         2362    .text               c_w.l(_printf_str.o)
    0x08000324   0x00000078   Code   RO         2364    .text               c_w.l(_printf_dec.o)
    0x0800039c   0x00000058   Code   RO         2369    .text               c_w.l(_printf_hex_int.o)
    0x080003f4   0x00000188   Code   RO         2404    .text               c_w.l(__printf_flags_ss_wp.o)
    0x0800057c   0x00000064   Code   RO         2413    .text               c_w.l(rt_memcpy_w.o)
    0x080005e0   0x00000006   Code   RO         2415    .text               c_w.l(heapauxi.o)
    0x080005e6   0x00000002   Code   RO         2467    .text               c_w.l(use_no_semi.o)
    0x080005e8   0x000000b2   Code   RO         2470    .text               c_w.l(_printf_intcommon.o)
    0x0800069a   0x0000002c   Code   RO         2472    .text               c_w.l(_printf_char.o)
    0x080006c6   0x00000002   PAD
    0x080006c8   0x00000024   Code   RO         2474    .text               c_w.l(_printf_char_file.o)
    0x080006ec   0x00000030   Code   RO         2503    .text               c_w.l(_printf_char_common.o)
    0x0800071c   0x00000008   Code   RO         2505    .text               c_w.l(ferror.o)
    0x08000724   0x0000004a   Code   RO         2511    .text               c_w.l(sys_stackheap_outer.o)
    0x0800076e   0x0000000c   Code   RO         2515    .text               c_w.l(exit.o)
    0x0800077a   0x00000002   PAD
    0x0800077c   0x00000008   Code   RO         2525    .text               c_w.l(libspace.o)
    0x08000784   0x00000002   Code   RO          117    i.BusFault_Handler  stm32f10x_it.o
    0x08000786   0x00000002   Code   RO          118    i.DebugMon_Handler  stm32f10x_it.o
    0x08000788   0x00000010   Code   RO          241    i.Delay             key.o
    0x08000798   0x0000001c   Code   RO          242    i.EXTI15_10_IRQHandler  key.o
    0x080007b4   0x00000042   Code   RO          486    i.EXTI8_Init        exti.o
    0x080007f6   0x00000002   PAD
    0x080007f8   0x00000044   Code   RO          487    i.EXTI9_5_IRQHandler  exti.o
    0x0800083c   0x0000000c   Code   RO         1606    i.EXTI_ClearFlag    stm32f10x_exti.o
    0x08000848   0x0000000c   Code   RO         1607    i.EXTI_ClearITPendingBit  stm32f10x_exti.o
    0x08000854   0x00000020   Code   RO         1611    i.EXTI_GetITStatus  stm32f10x_exti.o
    0x08000874   0x00000070   Code   RO         1612    i.EXTI_Init         stm32f10x_exti.o
    0x080008e4   0x00000020   Code   RO         1003    i.FSMC_NORSRAMCmd   stm32f10x_fsmc.o
    0x08000904   0x000000c8   Code   RO         1005    i.FSMC_NORSRAMInit  stm32f10x_fsmc.o
    0x080009cc   0x00000058   Code   RO          243    i.Function          key.o
    0x08000a24   0x00000028   Code   RO         1115    i.GPIO_EXTILineConfig  stm32f10x_gpio.o
    0x08000a4c   0x0000009c   Code   RO         1118    i.GPIO_Init         stm32f10x_gpio.o
    0x08000ae8   0x00000058   Code   RO         1120    i.GPIO_PinRemapConfig  stm32f10x_gpio.o
    0x08000b40   0x00000006   Code   RO         1121    i.GPIO_ReadInputData  stm32f10x_gpio.o
    0x08000b46   0x0000000e   Code   RO         1122    i.GPIO_ReadInputDataBit  stm32f10x_gpio.o
    0x08000b54   0x00000004   Code   RO         1125    i.GPIO_ResetBits    stm32f10x_gpio.o
    0x08000b58   0x00000004   Code   RO         1126    i.GPIO_SetBits      stm32f10x_gpio.o
    0x08000b5c   0x00000002   Code   RO          119    i.HardFault_Handler  stm32f10x_it.o
    0x08000b5e   0x00000002   PAD
    0x08000b60   0x0000003c   Code   RO          823    i.KEY_Init          key_scan.o
    0x08000b9c   0x000000a8   Code   RO          824    i.KEY_Scan          key_scan.o
    0x08000c44   0x00000178   Code   RO          246    i.Key_scan          key.o
    0x08000dbc   0x0000006c   Code   RO          293    i.LCD_Clear         lcd.o
    0x08000e28   0x00000130   Code   RO          297    i.LCD_Display_Dir   lcd.o
    0x08000f58   0x0000011c   Code   RO          302    i.LCD_Fast_DrawPoint  lcd.o
    0x08001074   0x0000008c   Code   RO          303    i.LCD_Fill          lcd.o
    0x08001100   0x00002e14   Code   RO          304    i.LCD_Init          lcd.o
    0x08003f14   0x00000010   Code   RO          305    i.LCD_Pow           lcd.o
    0x08003f24   0x00000014   Code   RO          306    i.LCD_RD_DATA       lcd.o
    0x08003f38   0x00000018   Code   RO          308    i.LCD_ReadReg       lcd.o
    0x08003f50   0x0000003c   Code   RO          309    i.LCD_SSD_BackLightSet  lcd.o
    0x08003f8c   0x000001a8   Code   RO          310    i.LCD_Scan_Dir      lcd.o
    0x08004134   0x00000148   Code   RO          311    i.LCD_SetCursor     lcd.o
    0x0800427c   0x0000017c   Code   RO          312    i.LCD_Set_Window    lcd.o
    0x080043f8   0x000000cc   Code   RO          313    i.LCD_ShowChar      lcd.o
    0x080044c4   0x00000054   Code   RO          315    i.LCD_ShowString    lcd.o
    0x08004518   0x00000086   Code   RO          316    i.LCD_ShowxNum      lcd.o
    0x0800459e   0x00000002   PAD
    0x080045a0   0x00000014   Code   RO          320    i.LCD_WriteRAM_Prepare  lcd.o
    0x080045b4   0x00000010   Code   RO          321    i.LCD_WriteReg      lcd.o
    0x080045c4   0x00000050   Code   RO          229    i.LED_Init          led.o
    0x08004614   0x00000002   Code   RO          120    i.MemManage_Handler  stm32f10x_it.o
    0x08004616   0x00000002   Code   RO          121    i.NMI_Handler       stm32f10x_it.o
    0x08004618   0x00000064   Code   RO          956    i.NVIC_Init         misc.o
    0x0800467c   0x00000014   Code   RO          957    i.NVIC_PriorityGroupConfig  misc.o
    0x08004690   0x00000110   Code   RO          571    i.OV7670_Init       ov7670.o
    0x080047a0   0x0000006e   Code   RO          572    i.OV7670_Window_Set  ov7670.o
    0x0800480e   0x00000002   PAD
    0x08004810   0x00000018   Code   RO          707    i.PID_Init          pid.o
    0x08004828   0x00000002   Code   RO          122    i.PendSV_Handler    stm32f10x_it.o
    0x0800482a   0x00000002   PAD
    0x0800482c   0x00000018   Code   RO         1227    i.RCC_AHBPeriphClockCmd  stm32f10x_rcc.o
    0x08004844   0x00000018   Code   RO         1228    i.RCC_APB1PeriphClockCmd  stm32f10x_rcc.o
    0x0800485c   0x00000018   Code   RO         1230    i.RCC_APB2PeriphClockCmd  stm32f10x_rcc.o
    0x08004874   0x00000094   Code   RO         1238    i.RCC_GetClocksFreq  stm32f10x_rcc.o
    0x08004908   0x00000158   Code   RO          669    i.Read_angle        usart3.o
    0x08004a60   0x0000006c   Code   RO          595    i.SCCB_Init         sccb.o
    0x08004acc   0x00000044   Code   RO          596    i.SCCB_No_Ack       sccb.o
    0x08004b10   0x00000074   Code   RO          597    i.SCCB_RD_Byte      sccb.o
    0x08004b84   0x0000004c   Code   RO          598    i.SCCB_RD_Reg       sccb.o
    0x08004bd0   0x00000034   Code   RO          599    i.SCCB_Start        sccb.o
    0x08004c04   0x00000038   Code   RO          600    i.SCCB_Stop         sccb.o
    0x08004c3c   0x00000090   Code   RO          601    i.SCCB_WR_Byte      sccb.o
    0x08004ccc   0x0000003e   Code   RO          602    i.SCCB_WR_Reg       sccb.o
    0x08004d0a   0x00000002   Code   RO          123    i.SVC_Handler       stm32f10x_it.o
    0x08004d0c   0x000000a8   Code   RO          200    i.SetSysClockTo72   system_stm32f10x.o
    0x08004db4   0x00000018   Code   RO          960    i.SysTick_CLKSourceConfig  misc.o
    0x08004dcc   0x00000002   Code   RO          124    i.SysTick_Handler   stm32f10x_it.o
    0x08004dce   0x00000002   PAD
    0x08004dd0   0x00000050   Code   RO          202    i.SystemInit        system_stm32f10x.o
    0x08004e20   0x0000002c   Code   RO          511    i.TIM3_IRQHandler   timer.o
    0x08004e4c   0x000000ac   Code   RO          513    i.TIM3_PWM_Init     timer.o
    0x08004ef8   0x0000003c   Code   RO         2193    i.TIM4_IRQHandler   usmart.o
    0x08004f34   0x00000294   Code   RO          514    i.TIM6_IRQHandler   timer.o
    0x080051c8   0x00000060   Code   RO          515    i.TIM6_Int_Init     timer.o
    0x08005228   0x00000014   Code   RO         1662    i.TIM_ARRPreloadConfig  stm32f10x_tim.o
    0x0800523c   0x00000006   Code   RO         1668    i.TIM_ClearFlag     stm32f10x_tim.o
    0x08005242   0x00000006   Code   RO         1669    i.TIM_ClearITPendingBit  stm32f10x_tim.o
    0x08005248   0x00000014   Code   RO         1674    i.TIM_Cmd           stm32f10x_tim.o
    0x0800525c   0x00000004   Code   RO         1693    i.TIM_GetCounter    stm32f10x_tim.o
    0x08005260   0x0000000e   Code   RO         1694    i.TIM_GetFlagStatus  stm32f10x_tim.o
    0x0800526e   0x00000018   Code   RO         1695    i.TIM_GetITStatus   stm32f10x_tim.o
    0x08005286   0x00000010   Code   RO         1699    i.TIM_ITConfig      stm32f10x_tim.o
    0x08005296   0x00000002   PAD
    0x08005298   0x00000080   Code   RO         1708    i.TIM_OC2Init       stm32f10x_tim.o
    0x08005318   0x00000014   Code   RO         1711    i.TIM_OC2PreloadConfig  stm32f10x_tim.o
    0x0800532c   0x00000064   Code   RO         1718    i.TIM_OC4Init       stm32f10x_tim.o
    0x08005390   0x00000014   Code   RO         1720    i.TIM_OC4PreloadConfig  stm32f10x_tim.o
    0x080053a4   0x00000004   Code   RO         1733    i.TIM_SetAutoreload  stm32f10x_tim.o
    0x080053a8   0x00000004   Code   RO         1736    i.TIM_SetCompare2   stm32f10x_tim.o
    0x080053ac   0x00000006   Code   RO         1738    i.TIM_SetCompare4   stm32f10x_tim.o
    0x080053b2   0x00000004   Code   RO         1739    i.TIM_SetCounter    stm32f10x_tim.o
    0x080053b6   0x00000002   PAD
    0x080053b8   0x0000009c   Code   RO         1745    i.TIM_TimeBaseInit  stm32f10x_tim.o
    0x08005454   0x00000060   Code   RO         2194    i.Timer4_Init       usmart.o
    0x080054b4   0x00000064   Code   RO          897    i.USART1_IRQHandler  usart.o
    0x08005518   0x00000054   Code   RO          670    i.USART3_IRQHandler  usart3.o
    0x0800556c   0x00000014   Code   RO         1430    i.USART_Cmd         stm32f10x_usart.o
    0x08005580   0x0000003e   Code   RO         1434    i.USART_GetITStatus  stm32f10x_usart.o
    0x080055be   0x00000030   Code   RO         1436    i.USART_ITConfig    stm32f10x_usart.o
    0x080055ee   0x00000002   PAD
    0x080055f0   0x000000ac   Code   RO         1437    i.USART_Init        stm32f10x_usart.o
    0x0800569c   0x00000008   Code   RO         1444    i.USART_ReceiveData  stm32f10x_usart.o
    0x080056a4   0x00000002   Code   RO          125    i.UsageFault_Handler  stm32f10x_it.o
    0x080056a6   0x00000002   PAD
    0x080056a8   0x00000084   Code   RO          708    i.X1_distance_pwm   pid.o
    0x0800572c   0x00000068   Code   RO          709    i.X1_speed_pwm      pid.o
    0x08005794   0x00000084   Code   RO          710    i.X2_distance_pwm   pid.o
    0x08005818   0x00000068   Code   RO          711    i.X2_speed_pwm      pid.o
    0x08005880   0x0000008c   Code   RO          712    i.X3_distance_pwm   pid.o
    0x0800590c   0x00000068   Code   RO          713    i.X3_speed_pwm      pid.o
    0x08005974   0x00000084   Code   RO          714    i.X4_distance_pwm   pid.o
    0x080059f8   0x00000068   Code   RO          715    i.X4_speed_pwm      pid.o
    0x08005a60   0x00000084   Code   RO          716    i.Y1_distance_pwm   pid.o
    0x08005ae4   0x00000068   Code   RO          717    i.Y1_speed_pwm      pid.o
    0x08005b4c   0x00000084   Code   RO          718    i.Y2_distance_pwm   pid.o
    0x08005bd0   0x00000068   Code   RO          719    i.Y2_speed_pwm      pid.o
    0x08005c38   0x0000008c   Code   RO          720    i.Y3_distance_pwm   pid.o
    0x08005cc4   0x00000068   Code   RO          721    i.Y3_speed_pwm      pid.o
    0x08005d2c   0x00000084   Code   RO          722    i.Y4_distance_pwm   pid.o
    0x08005db0   0x00000068   Code   RO          723    i.Y4_speed_pwm      pid.o
    0x08005e18   0x0000000e   Code   RO         2397    i._is_digit         c_w.l(__printf_wp.o)
    0x08005e26   0x00000002   Code   RO          898    i._sys_exit         usart.o
    0x08005e28   0x0000015c   Code   RO          516    i.camera_refresh    timer.o
    0x08005f84   0x0000003c   Code   RO          842    i.delay_init        delay.o
    0x08005fc0   0x00000034   Code   RO          843    i.delay_ms          delay.o
    0x08005ff4   0x00000034   Code   RO          844    i.delay_us          delay.o
    0x08006028   0x00000018   Code   RO          899    i.fputc             usart.o
    0x08006040   0x00000028   Code   RO          648    i.get_speedx        location.o
    0x08006068   0x0000002c   Code   RO          649    i.get_speedy        location.o
    0x08006094   0x0000022c   Code   RO            1    i.main              main.o
    0x080062c0   0x00000004   Code   RO         2195    i.read_addr         usmart.o
    0x080062c4   0x000000a0   Code   RO          900    i.uart_init         usart.o
    0x08006364   0x000000ac   Code   RO          671    i.usart3_init       usart3.o
    0x08006410   0x00000094   Code   RO         2196    i.usmart_cmd_rec    usmart.o
    0x080064a4   0x00000260   Code   RO         2197    i.usmart_exe        usmart.o
    0x08006704   0x0000009c   Code   RO         2283    i.usmart_get_aparm  usmart_str.o
    0x080067a0   0x0000002e   Code   RO         2284    i.usmart_get_cmdname  usmart_str.o
    0x080067ce   0x00000002   PAD
    0x080067d0   0x00000168   Code   RO         2285    i.usmart_get_fname  usmart_str.o
    0x08006938   0x000000d0   Code   RO         2286    i.usmart_get_fparam  usmart_str.o
    0x08006a08   0x00000024   Code   RO         2287    i.usmart_get_parmpos  usmart_str.o
    0x08006a2c   0x00000038   Code   RO         2198    i.usmart_get_runtime  usmart.o
    0x08006a64   0x00000028   Code   RO         2199    i.usmart_init       usmart.o
    0x08006a8c   0x00000010   Code   RO         2288    i.usmart_pow        usmart_str.o
    0x08006a9c   0x00000030   Code   RO         2200    i.usmart_reset_runtime  usmart.o
    0x08006acc   0x000000a4   Code   RO         2201    i.usmart_scan       usmart.o
    0x08006b70   0x00000010   Code   RO         2289    i.usmart_search_nextc  usmart_str.o
    0x08006b80   0x000000a0   Code   RO         2290    i.usmart_str2num    usmart_str.o
    0x08006c20   0x00000018   Code   RO         2291    i.usmart_strcmp     usmart_str.o
    0x08006c38   0x00000012   Code   RO         2292    i.usmart_strcopy    usmart_str.o
    0x08006c4a   0x00000012   Code   RO         2293    i.usmart_strlen     usmart_str.o
    0x08006c5c   0x00000670   Code   RO         2202    i.usmart_sys_cmd_exe  usmart.o
    0x080072cc   0x00000004   Code   RO         2203    i.write_addr        usmart.o
    0x080072d0   0x00000062   Code   RO         2419    x$fpl$d2f           fz_ws.l(d2f.o)
    0x08007332   0x00000002   PAD
    0x08007334   0x00000150   Code   RO         2421    x$fpl$dadd          fz_ws.l(daddsub_clz.o)
    0x08007484   0x00000010   Code   RO         2477    x$fpl$dcheck1       fz_ws.l(dcheck1.o)
    0x08007494   0x000002b0   Code   RO         2428    x$fpl$ddiv          fz_ws.l(ddiv.o)
    0x08007744   0x0000005a   Code   RO         2431    x$fpl$dfixu         fz_ws.l(dfixu.o)
    0x0800779e   0x0000002e   Code   RO         2436    x$fpl$dflt          fz_ws.l(dflt_clz.o)
    0x080077cc   0x00000026   Code   RO         2435    x$fpl$dfltu         fz_ws.l(dflt_clz.o)
    0x080077f2   0x00000002   PAD
    0x080077f4   0x00000154   Code   RO         2441    x$fpl$dmul          fz_ws.l(dmul.o)
    0x08007948   0x0000009c   Code   RO         2479    x$fpl$dnaninf       fz_ws.l(dnaninf.o)
    0x080079e4   0x0000000c   Code   RO         2481    x$fpl$dretinf       fz_ws.l(dretinf.o)
    0x080079f0   0x000001d4   Code   RO         2423    x$fpl$dsub          fz_ws.l(daddsub_clz.o)
    0x08007bc4   0x000000c4   Code   RO         2443    x$fpl$fadd          fz_ws.l(faddsub_clz.o)
    0x08007c88   0x00000036   Code   RO         2449    x$fpl$ffix          fz_ws.l(ffix.o)
    0x08007cbe   0x00000002   PAD
    0x08007cc0   0x0000003e   Code   RO         2453    x$fpl$ffixu         fz_ws.l(ffixu.o)
    0x08007cfe   0x00000002   PAD
    0x08007d00   0x00000030   Code   RO         2458    x$fpl$fflt          fz_ws.l(fflt_clz.o)
    0x08007d30   0x00000026   Code   RO         2457    x$fpl$ffltu         fz_ws.l(fflt_clz.o)
    0x08007d56   0x00000002   PAD
    0x08007d58   0x00000102   Code   RO         2463    x$fpl$fmul          fz_ws.l(fmul.o)
    0x08007e5a   0x0000008c   Code   RO         2483    x$fpl$fnaninf       fz_ws.l(fnaninf.o)
    0x08007ee6   0x0000000a   Code   RO         2485    x$fpl$fretinf       fz_ws.l(fretinf.o)
    0x08007ef0   0x000000ea   Code   RO         2445    x$fpl$fsub          fz_ws.l(faddsub_clz.o)
    0x08007fda   0x00000064   Code   RO         2509    x$fpl$retnan        fz_ws.l(retnan.o)
    0x0800803e   0x0000005c   Code   RO         2465    x$fpl$scalbn        fz_ws.l(scalbn.o)
    0x0800809a   0x00000030   Code   RO         2523    x$fpl$trapveneer    fz_ws.l(trapv.o)
    0x080080ca   0x00000000   Code   RO         2487    x$fpl$usenofp       fz_ws.l(usenofp.o)
    0x080080ca   0x000017c0   Data   RO          324    .constdata          lcd.o
    0x0800988a   0x00000150   Data   RO          573    .constdata          ov7670.o
    0x080099da   0x00000028   Data   RO         2370    .constdata          c_w.l(_printf_hex_int.o)
    0x08009a02   0x00000011   Data   RO         2405    .constdata          c_w.l(__printf_flags_ss_wp.o)
    0x08009a13   0x00000001   PAD
    0x08009a14   0x00000028   Data   RO         2204    .conststring        usmart.o
    0x08009a3c   0x000000df   Data   RO         2269    .conststring        usmart_config.o
    0x08009b1b   0x00000001   PAD
    0x08009b1c   0x00000020   Data   RO         2647    Region$$Table       anon$$obj.o


    Execution Region RW_IRAM1 (Base: 0x20000000, Size: 0x0000cff8, Max: 0x00010000, ABSOLUTE, COMPRESSED[0x0000008c])

    Base Addr    Size         Type   Attr      Idx    E Section Name        Object

    0x20000000   0x00000014   Data   RW          203    .data               system_stm32f10x.o
    0x20000014   0x00000016   Data   RW          247    .data               key.o
    0x2000002a   0x00000001   Data   RW          249    .data               key.o
    0x2000002b   0x00000001   PAD
    0x2000002c   0x00000004   Data   RW          325    .data               lcd.o
    0x20000030   0x00000001   Data   RW          488    .data               exti.o
    0x20000031   0x00000003   PAD
    0x20000034   0x00000004   Data   RW          518    .data               timer.o
    0x20000038   0x00000004   Data   RW          519    .data               timer.o
    0x2000003c   0x00000004   Data   RW          650    .data               location.o
    0x20000040   0x00000008   Data   RW          674    .data               usart3.o
    0x20000048   0x00000080   Data   RW          725    .data               pid.o
    0x200000c8   0x00000001   Data   RW          825    .data               key_scan.o
    0x200000c9   0x00000001   PAD
    0x200000ca   0x00000004   Data   RW          845    .data               delay.o
    0x200000ce   0x00000002   Data   RW          902    .data               usart.o
    0x200000d0   0x00000004   Data   RW          903    .data               usart.o
    0x200000d4   0x00000014   Data   RW         1258    .data               stm32f10x_rcc.o
    0x200000e8   0x0000001c   Data   RW         2205    .data               usmart.o
    0x20000104   0x00000038   Data   RW         2270    .data               usmart_config.o
    0x2000013c   0x000000f4   Data   RW         2271    .data               usmart_config.o
    0x20000230   0x0000000e   Zero   RW          323    .bss                lcd.o
    0x2000023e   0x0000c800   Zero   RW          517    .bss                timer.o
    0x2000ca3e   0x00000002   PAD
    0x2000ca40   0x0000003b   Zero   RW          672    .bss                usart3.o
    0x2000ca7b   0x00000001   PAD
    0x2000ca7c   0x00000054   Zero   RW          724    .bss                pid.o
    0x2000cad0   0x000000c8   Zero   RW          901    .bss                usart.o
    0x2000cb98   0x00000060   Zero   RW         2526    .bss                c_w.l(libspace.o)
    0x2000cbf8   0x00000000   Zero   RW          950    HEAP                startup_stm32f10x_hd.o
    0x2000cbf8   0x00000400   Zero   RW          949    STACK               startup_stm32f10x_hd.o


==============================================================================

Image component sizes


      Code (inc. data)   RO Data    RW Data    ZI Data      Debug   Object Name

       164         26          0          4          0       1715   delay.o
       134         14          0          1          0       1355   exti.o
       508         26          0         23          0       3661   key.o
       228         22          0          1          0       1262   key_scan.o
     14342        182       6080          4         14      54296   lcd.o
        80         10          0          0          0        531   led.o
        84         28          0          4          0       1418   location.o
       556        140          0          0          0     263811   main.o
       144         16          0          0          0       2045   misc.o
       382         30        336          0          0       2112   ov7670.o
      1928        328          0        128         84      12485   pid.o
       682         66          0          0          0       4923   sccb.o
        60         22        304          0       1024        812   startup_stm32f10x_hd.o
       168         20          0          0          0       2649   stm32f10x_exti.o
       232          6          0          0          0       1873   stm32f10x_fsmc.o
       312         12          0          0          0       5285   stm32f10x_gpio.o
        18          0          0          0          0       3894   stm32f10x_it.o
       220         34          0         20          0       5030   stm32f10x_rcc.o
       552         60          0          0          0      10932   stm32f10x_tim.o
       310          6          0          0          0       4742   stm32f10x_usart.o
         0          0          0          0          0         32   sys.o
       248         24          0         20          0       1821   system_stm32f10x.o
      1320        134          0          8      51200       4985   timer.o
       286         26          0          6        200       4160   usart.o
       600         46          0          8         59       2882   usart3.o
      2876       1332         40         28          0       7626   usmart.o
         0          0        223        300          0       1708   usmart_config.o
      1058         20          0          0          0       7863   usmart_str.o

    ----------------------------------------------------------------------
     27514       2630       7016        560      52584     415908   Object Totals
         0          0         32          0          0          0   (incl. Generated)
        22          0          1          5          3          0   (incl. Padding)

    ----------------------------------------------------------------------

      Code (inc. data)   RO Data    RW Data    ZI Data      Debug   Library Member Name

        90          0          0          0          0          0   __dczerorl2.o
         8          0          0          0          0         68   __main.o
       392          4         17          0          0         92   __printf_flags_ss_wp.o
        14          0          0          0          0         68   __printf_wp.o
         0          0          0          0          0          0   __rtentry.o
        12          0          0          0          0          0   __rtentry2.o
         6          0          0          0          0          0   __rtentry4.o
        52          8          0          0          0          0   __scatter.o
        28          0          0          0          0          0   __scatter_zi.o
         6          0          0          0          0          0   _printf_c.o
        44          0          0          0          0        108   _printf_char.o
        48          6          0          0          0         96   _printf_char_common.o
        36          4          0          0          0         80   _printf_char_file.o
         6          0          0          0          0          0   _printf_d.o
       120         16          0          0          0         92   _printf_dec.o
        88          4         40          0          0         88   _printf_hex_int.o
       178          0          0          0          0         88   _printf_intcommon.o
        78          0          0          0          0        108   _printf_pad.o
         0          0          0          0          0          0   _printf_percent.o
         4          0          0          0          0          0   _printf_percent_end.o
         6          0          0          0          0          0   _printf_s.o
        82          0          0          0          0         80   _printf_str.o
         6          0          0          0          0          0   _printf_u.o
         6          0          0          0          0          0   _printf_x.o
        12          0          0          0          0         72   exit.o
         8          0          0          0          0         68   ferror.o
         6          0          0          0          0        152   heapauxi.o
         2          0          0          0          0          0   libinit.o
         2          0          0          0          0          0   libinit2.o
         2          0          0          0          0          0   libshutdown.o
         2          0          0          0          0          0   libshutdown2.o
         8          4          0          0         96         68   libspace.o
        24          4          0          0          0         84   noretval__2printf.o
       100          0          0          0          0         80   rt_memcpy_w.o
         2          0          0          0          0          0   rtexit.o
        10          0          0          0          0          0   rtexit2.o
        74          0          0          0          0         80   sys_stackheap_outer.o
         2          0          0          0          0         68   use_no_semi.o
         2          0          0          0          0         68   use_no_semi_2.o
        98          4          0          0          0         92   d2f.o
       804         16          0          0          0        272   daddsub_clz.o
        16          4          0          0          0         68   dcheck1.o
       688        140          0          0          0        208   ddiv.o
        90          4          0          0          0         92   dfixu.o
        84          0          0          0          0        136   dflt_clz.o
       340         12          0          0          0        104   dmul.o
       156          4          0          0          0         92   dnaninf.o
        12          0          0          0          0         68   dretinf.o
       430          8          0          0          0        168   faddsub_clz.o
        54          4          0          0          0         84   ffix.o
        62          4          0          0          0         84   ffixu.o
        86          0          0          0          0        136   fflt_clz.o
       258          4          0          0          0         84   fmul.o
       140          4          0          0          0         84   fnaninf.o
        10          0          0          0          0         68   fretinf.o
       100          0          0          0          0         68   retnan.o
        92          0          0          0          0         68   scalbn.o
        48          0          0          0          0         68   trapv.o
         0          0          0          0          0          0   usenofp.o

    ----------------------------------------------------------------------
      5152        258         58          0         96       3752   Library Totals
        18          0          1          0          0          0   (incl. Padding)

    ----------------------------------------------------------------------

      Code (inc. data)   RO Data    RW Data    ZI Data      Debug   Library Name

      1566         50         57          0         96       1708   c_w.l
      3568        208          0          0          0       2044   fz_ws.l

    ----------------------------------------------------------------------
      5152        258         58          0         96       3752   Library Totals

    ----------------------------------------------------------------------

==============================================================================


      Code (inc. data)   RO Data    RW Data    ZI Data      Debug   

     32666       2888       7074        560      52680     410348   Grand Totals
     32666       2888       7074        140      52680     410348   ELF Image Totals (compressed)
     32666       2888       7074        140          0          0   ROM Totals

==============================================================================

    Total RO  Size (Code + RO Data)                39740 (  38.81kB)
    Total RW  Size (RW Data + ZI Data)             53240 (  51.99kB)
    Total ROM Size (Code + RO Data + RW Data)      39880 (  38.95kB)

==============================================================================

